Archive member included to satisfy reference by file (symbol)

/usr/bin/gcc-arm-none-eabi-5_4-2016q2/bin/../lib/gcc/arm-none-eabi/5.4.1/../../../../arm-none-eabi/lib/armv7e-m/libg.a(lib_a-strtol.o)
                              build/obj/ihex.o (symbol from plugin) (strtol)
/usr/bin/gcc-arm-none-eabi-5_4-2016q2/bin/../lib/gcc/arm-none-eabi/5.4.1/../../../../arm-none-eabi/lib/armv7e-m/libg.a(lib_a-ctype_.o)
                              /usr/bin/gcc-arm-none-eabi-5_4-2016q2/bin/../lib/gcc/arm-none-eabi/5.4.1/../../../../arm-none-eabi/lib/armv7e-m/libg.a(lib_a-strtol.o) (__ctype_ptr__)
/usr/bin/gcc-arm-none-eabi-5_4-2016q2/bin/../lib/gcc/arm-none-eabi/5.4.1/../../../../arm-none-eabi/lib/armv7e-m/libg.a(lib_a-impure.o)
                              /usr/bin/gcc-arm-none-eabi-5_4-2016q2/bin/../lib/gcc/arm-none-eabi/5.4.1/../../../../arm-none-eabi/lib/armv7e-m/libg.a(lib_a-strtol.o) (_impure_ptr)
/usr/bin/gcc-arm-none-eabi-5_4-2016q2/bin/../lib/gcc/arm-none-eabi/5.4.1/armv7e-m/libgcc.a(_arm_addsubdf3.o)
                              /tmp/cc20mCIF.ltrans11.ltrans.o (__aeabi_dadd)
/usr/bin/gcc-arm-none-eabi-5_4-2016q2/bin/../lib/gcc/arm-none-eabi/5.4.1/armv7e-m/libgcc.a(_arm_muldivdf3.o)
                              /tmp/cc20mCIF.ltrans11.ltrans.o (__aeabi_dmul)
/usr/bin/gcc-arm-none-eabi-5_4-2016q2/bin/../lib/gcc/arm-none-eabi/5.4.1/armv7e-m/libgcc.a(_arm_fixunsdfsi.o)
                              /tmp/cc20mCIF.ltrans11.ltrans.o (__aeabi_d2uiz)
/usr/bin/gcc-arm-none-eabi-5_4-2016q2/bin/../lib/gcc/arm-none-eabi/5.4.1/armv7e-m/libgcc.a(_arm_addsubsf3.o)
                              /tmp/cc20mCIF.ltrans11.ltrans.o (__aeabi_fsub)
/usr/bin/gcc-arm-none-eabi-5_4-2016q2/bin/../lib/gcc/arm-none-eabi/5.4.1/armv7e-m/libgcc.a(_arm_muldivsf3.o)
                              /tmp/cc20mCIF.ltrans11.ltrans.o (__aeabi_fmul)
/usr/bin/gcc-arm-none-eabi-5_4-2016q2/bin/../lib/gcc/arm-none-eabi/5.4.1/armv7e-m/libgcc.a(_arm_fixunssfsi.o)
                              /tmp/cc20mCIF.ltrans4.ltrans.o (__aeabi_f2uiz)
/usr/bin/gcc-arm-none-eabi-5_4-2016q2/bin/../lib/gcc/arm-none-eabi/5.4.1/armv7e-m/libgcc.a(_aeabi_ldivmod.o)
                              /tmp/cc20mCIF.ltrans11.ltrans.o (__aeabi_ldivmod)
/usr/bin/gcc-arm-none-eabi-5_4-2016q2/bin/../lib/gcc/arm-none-eabi/5.4.1/armv7e-m/libgcc.a(_aeabi_uldivmod.o)
                              /tmp/cc20mCIF.ltrans0.ltrans.o (__aeabi_uldivmod)
/usr/bin/gcc-arm-none-eabi-5_4-2016q2/bin/../lib/gcc/arm-none-eabi/5.4.1/armv7e-m/libgcc.a(_udivmoddi4.o)
                              /usr/bin/gcc-arm-none-eabi-5_4-2016q2/bin/../lib/gcc/arm-none-eabi/5.4.1/armv7e-m/libgcc.a(_aeabi_ldivmod.o) (__udivmoddi4)
/usr/bin/gcc-arm-none-eabi-5_4-2016q2/bin/../lib/gcc/arm-none-eabi/5.4.1/armv7e-m/libgcc.a(_dvmd_tls.o)
                              /usr/bin/gcc-arm-none-eabi-5_4-2016q2/bin/../lib/gcc/arm-none-eabi/5.4.1/armv7e-m/libgcc.a(_aeabi_ldivmod.o) (__aeabi_ldiv0)
/usr/bin/gcc-arm-none-eabi-5_4-2016q2/bin/../lib/gcc/arm-none-eabi/5.4.1/../../../../arm-none-eabi/lib/armv7e-m/libg.a(lib_a-memcpy.o)
                              /tmp/cc20mCIF.ltrans0.ltrans.o (memcpy)
/usr/bin/gcc-arm-none-eabi-5_4-2016q2/bin/../lib/gcc/arm-none-eabi/5.4.1/../../../../arm-none-eabi/lib/armv7e-m/libg.a(lib_a-memmove.o)
                              /tmp/cc20mCIF.ltrans0.ltrans.o (memmove)
/usr/bin/gcc-arm-none-eabi-5_4-2016q2/bin/../lib/gcc/arm-none-eabi/5.4.1/../../../../arm-none-eabi/lib/armv7e-m/libg.a(lib_a-memset.o)
                              /tmp/cc20mCIF.ltrans0.ltrans.o (memset)
/usr/bin/gcc-arm-none-eabi-5_4-2016q2/bin/../lib/gcc/arm-none-eabi/5.4.1/../../../../arm-none-eabi/lib/armv7e-m/libg.a(lib_a-strcmp.o)
                              /tmp/cc20mCIF.ltrans10.ltrans.o (strcmp)
/usr/bin/gcc-arm-none-eabi-5_4-2016q2/bin/../lib/gcc/arm-none-eabi/5.4.1/../../../../arm-none-eabi/lib/armv7e-m/libg.a(lib_a-strlen.o)
                              /tmp/cc20mCIF.ltrans0.ltrans.o (strlen)

Discarded input sections

 .data          0x00000000        0x0 build/obj/crt0_v7m.o
 .bss           0x00000000        0x0 build/obj/crt0_v7m.o
 .data          0x00000000        0x0 build/obj/chcoreasm_v7m.o
 .bss           0x00000000        0x0 build/obj/chcoreasm_v7m.o
 .text          0x00000000        0x0 build/obj/crt1.o (symbol from plugin)
 .text          0x00000000        0x0 /tmp/cc20mCIF.ltrans0.ltrans.o
 .data          0x00000000        0x0 /tmp/cc20mCIF.ltrans0.ltrans.o
 .bss           0x00000000        0x0 /tmp/cc20mCIF.ltrans0.ltrans.o
 .text          0x00000000        0x0 /tmp/cc20mCIF.ltrans1.ltrans.o
 .data          0x00000000        0x0 /tmp/cc20mCIF.ltrans1.ltrans.o
 .bss           0x00000000        0x0 /tmp/cc20mCIF.ltrans1.ltrans.o
 .text          0x00000000        0x0 /tmp/cc20mCIF.ltrans2.ltrans.o
 .data          0x00000000        0x0 /tmp/cc20mCIF.ltrans2.ltrans.o
 .bss           0x00000000        0x0 /tmp/cc20mCIF.ltrans2.ltrans.o
 .text          0x00000000        0x0 /tmp/cc20mCIF.ltrans3.ltrans.o
[...]
Memory Configuration

Name             Origin             Length             Attributes
flash0           0x08000000         0x000c0000
flash1           0x080c0000         0x00040000
flash2           0x00000000         0x00000000
flash3           0x00000000         0x00000000
flash4           0x00000000         0x00000000
flash5           0x00000000         0x00000000
flash6           0x00000000         0x00000000
flash7           0x00000000         0x00000000
ram0             0x20000000         0x00030000
ram1             0x20000000         0x0001c000
ram2             0x2001c000         0x00004000
ram3             0x20020000         0x00010000
ram4             0x10000000         0x00010000
ram5             0x40024000         0x00001000
ram6             0x00000000         0x00000000
ram7             0x00000000         0x00000000
*default*        0x00000000         0xffffffff

Linker script and memory map

LOAD build/obj/crt0_v7m.o
LOAD build/obj/chcoreasm_v7m.o
LOAD build/obj/crt1.o
LOAD /tmp/cc20mCIF.ltrans0.ltrans.o
LOAD /tmp/cc20mCIF.ltrans1.ltrans.o
LOAD /tmp/cc20mCIF.ltrans2.ltrans.o
LOAD /tmp/cc20mCIF.ltrans3.ltrans.o
LOAD /tmp/cc20mCIF.ltrans4.ltrans.o
LOAD /tmp/cc20mCIF.ltrans5.ltrans.o
LOAD /tmp/cc20mCIF.ltrans6.ltrans.o
LOAD /tmp/cc20mCIF.ltrans7.ltrans.o
LOAD /tmp/cc20mCIF.ltrans8.ltrans.o
LOAD /tmp/cc20mCIF.ltrans9.ltrans.o
LOAD /tmp/cc20mCIF.ltrans10.ltrans.o
LOAD /tmp/cc20mCIF.ltrans11.ltrans.o
LOAD /tmp/cc20mCIF.ltrans12.ltrans.o
LOAD build/obj/vectors.o
LOAD build/obj/chsys.o
LOAD build/obj/chdebug.o
LOAD build/obj/chtrace.o
LOAD build/obj/chvt.o
LOAD build/obj/chschd.o
LOAD build/obj/chthreads.o
LOAD build/obj/chtm.o
LOAD build/obj/chregistry.o
LOAD build/obj/chsem.o
LOAD build/obj/chmtx.o
LOAD build/obj/chcond.o
LOAD build/obj/chevents.o
LOAD build/obj/chmsg.o
LOAD build/obj/chdynamic.o
LOAD build/obj/chmboxes.o
LOAD build/obj/chmemcore.o
LOAD build/obj/chheap.o
LOAD build/obj/chmempools.o
LOAD build/obj/chcore.o
LOAD build/obj/chcore_v7m.o
LOAD build/obj/osal.o
LOAD build/obj/hal.o
LOAD build/obj/hal_st.o
LOAD build/obj/hal_buffers.o
LOAD build/obj/hal_queues.o
LOAD build/obj/hal_mmcsd.o
LOAD build/obj/hal_adc.o
LOAD build/obj/hal_i2c.o
LOAD build/obj/hal_mmc_spi.o
LOAD build/obj/hal_pal.o
LOAD build/obj/hal_rtc.o
LOAD build/obj/hal_serial.o
LOAD build/obj/hal_serial_usb.o
LOAD build/obj/hal_spi.o
LOAD build/obj/hal_usb.o
LOAD build/obj/hal_wdg.o
LOAD build/obj/nvic.o
LOAD build/obj/hal_lld.o
LOAD build/obj/hal_adc_lld.o
LOAD build/obj/stm32_dma.o
LOAD build/obj/hal_pal_lld.o
LOAD build/obj/hal_i2c_lld.o
LOAD build/obj/hal_usb_lld.o
LOAD build/obj/hal_rtc_lld.o
LOAD build/obj/hal_spi_lld.o
LOAD build/obj/hal_st_lld.o
LOAD build/obj/hal_serial_lld.o
LOAD build/obj/hal_wdg_lld.o
LOAD build/obj/board.o
LOAD build/obj/evtimer.o
LOAD build/obj/syscalls.o
LOAD build/obj/memstreams.o
LOAD build/obj/chprintf.o
LOAD build/obj/fatfs_diskio.o
LOAD build/obj/tracking.o
LOAD build/obj/position.o
LOAD build/obj/image.o
LOAD build/obj/log.o
LOAD build/obj/error.o
LOAD build/obj/ssdv.o
LOAD build/obj/rs8.o
LOAD build/obj/aprs.o
LOAD build/obj/ax25.o
LOAD build/obj/morse.o
LOAD build/obj/pi2c.o
LOAD build/obj/padc.o
LOAD build/obj/ptime.o
LOAD build/obj/max.o
LOAD build/obj/si4464.o
LOAD build/obj/bme280.o
LOAD build/obj/pac1720.o
LOAD build/obj/ov2640.o
LOAD build/obj/flash.o
LOAD build/obj/helper.o
LOAD build/obj/ihex.o
LOAD build/obj/ihexhelper.o
LOAD build/obj/debug.o
LOAD build/obj/radio.o
LOAD build/obj/sleep.o
LOAD build/obj/modules.o
LOAD build/obj/base.o
LOAD build/obj/sgp4.o
LOAD build/obj/geofence.o
LOAD build/obj/config.o
LOAD build/obj/ff.o
LOAD build/obj/usbcfg.o
LOAD build/obj/main.o

.mstack         0x20000000      0x400
                0x20000000                . = ALIGN (0x8)
                0x20000000                __main_stack_base__ = .
                0x20000400                . = (. + __main_stack_size__)
 *fill*         0x20000000      0x400 
                0x20000400                . = ALIGN (0x8)
                0x20000400                __main_stack_end__ = .

.pstack         0x20000400      0x400
                0x20000400                __process_stack_base__ = .
                0x20000400                __main_thread_stack_base__ = .
                0x20000800                . = (. + __process_stack_size__)
 *fill*         0x20000400      0x400 
                0x20000800                . = ALIGN (0x8)
                0x20000800                __process_stack_end__ = .
                0x20000800                __main_thread_stack_end__ = .

.vectors        0x08000000      0x1c0
 *(.vectors)
 .vectors       0x08000000      0x1c0 /tmp/cc20mCIF.ltrans12.ltrans.o
                0x08000000                _vectors

.xtors          0x080001c0        0x0
                0x080001c0                __init_array_start = .
 *(SORT(.init_array.*))
 *(.init_array)
                0x080001c0                __init_array_end = .
                0x080001c0                __fini_array_start = .
 *(.fini_array)
 *(SORT(.fini_array.*))
                0x080001c0                __fini_array_end = .

.text           0x080001c0     0xe58c
 *(.text)
 .text          0x080001c0       0xd4 build/obj/crt0_v7m.o
                0x080001c0                Reset_Handler
 .text          0x08000294       0x34 build/obj/chcoreasm_v7m.o
                0x08000294                _port_switch
                0x080002a4                _port_thread_start
                0x080002b8                _port_switch_from_isr
                0x080002c4                _port_exit_from_isr
 .text          0x080002c8      0x370 /usr/bin/gcc-arm-none-eabi-5_4-2016q2/bin/../lib/gcc/arm-none-eabi/5.4.1/armv7e-m/libgcc.a(_arm_addsubdf3.o)
                0x080002c8                __aeabi_drsub
                0x080002d0                __aeabi_dsub
                0x080002d0                __subdf3
                0x080002d4                __adddf3
                0x080002d4                __aeabi_dadd
                0x0800054c                __aeabi_ui2d
                0x0800054c                __floatunsidf
                0x0800056c                __floatsidf
                0x0800056c                __aeabi_i2d
                0x08000590                __extendsfdf2
                0x08000590                __aeabi_f2d
                0x080005cc                __aeabi_ul2d
                0x080005cc                __floatundidf
                0x080005dc                __floatdidf
                0x080005dc                __aeabi_l2d
 .text          0x08000638      0x424 /usr/bin/gcc-arm-none-eabi-5_4-2016q2/bin/../lib/gcc/arm-none-eabi/5.4.1/armv7e-m/libgcc.a(_arm_muldivdf3.o)
                0x08000638                __aeabi_dmul
                0x08000638                __muldf3
                0x0800088c                __aeabi_ddiv
                0x0800088c                __divdf3
 .text          0x08000a5c       0x40 /usr/bin/gcc-arm-none-eabi-5_4-2016q2/bin/../lib/gcc/arm-none-eabi/5.4.1/armv7e-m/libgcc.a(_arm_fixunsdfsi.o)
                0x08000a5c                __fixunsdfsi
                0x08000a5c                __aeabi_d2uiz
 .text          0x08000a9c      0x21c /usr/bin/gcc-arm-none-eabi-5_4-2016q2/bin/../lib/gcc/arm-none-eabi/5.4.1/armv7e-m/libgcc.a(_arm_addsubsf3.o)
                0x08000a9c                __aeabi_frsub
                0x08000aa4                __subsf3
                0x08000aa4                __aeabi_fsub
                0x08000aa8                __aeabi_fadd
                0x08000aa8                __addsf3
                0x08000c08                __aeabi_ui2f
                0x08000c08                __floatunsisf
                0x08000c10                __aeabi_i2f
                0x08000c10                __floatsisf
                0x08000c2c                __floatundisf
                0x08000c2c                __aeabi_ul2f
                0x08000c3c                __floatdisf
                0x08000c3c                __aeabi_l2f
 .text          0x08000cb8      0x2a0 /usr/bin/gcc-arm-none-eabi-5_4-2016q2/bin/../lib/gcc/arm-none-eabi/5.4.1/armv7e-m/libgcc.a(_arm_muldivsf3.o)
                0x08000cb8                __mulsf3
                0x08000cb8                __aeabi_fmul
                0x08000e20                __divsf3
                0x08000e20                __aeabi_fdiv
 .text          0x08000f58       0x40 /usr/bin/gcc-arm-none-eabi-5_4-2016q2/bin/../lib/gcc/arm-none-eabi/5.4.1/armv7e-m/libgcc.a(_arm_fixunssfsi.o)
                0x08000f58                __aeabi_f2uiz
                0x08000f58                __fixunssfsi
 .text          0x08000f98       0xa0 /usr/bin/gcc-arm-none-eabi-5_4-2016q2/bin/../lib/gcc/arm-none-eabi/5.4.1/armv7e-m/libgcc.a(_aeabi_ldivmod.o)
                0x08000f98                __aeabi_ldivmod
 .text          0x08001038       0x30 /usr/bin/gcc-arm-none-eabi-5_4-2016q2/bin/../lib/gcc/arm-none-eabi/5.4.1/armv7e-m/libgcc.a(_aeabi_uldivmod.o)
                0x08001038                __aeabi_uldivmod
 .text          0x08001068      0x2e4 /usr/bin/gcc-arm-none-eabi-5_4-2016q2/bin/../lib/gcc/arm-none-eabi/5.4.1/armv7e-m/libgcc.a(_udivmoddi4.o)
                0x08001068                __udivmoddi4
 .text          0x0800134c        0x4 /usr/bin/gcc-arm-none-eabi-5_4-2016q2/bin/../lib/gcc/arm-none-eabi/5.4.1/armv7e-m/libgcc.a(_dvmd_tls.o)
                0x0800134c                __aeabi_ldiv0
                0x0800134c                __aeabi_idiv0
 .text          0x08001350      0x134 /usr/bin/gcc-arm-none-eabi-5_4-2016q2/bin/../lib/gcc/arm-none-eabi/5.4.1/../../../../arm-none-eabi/lib/armv7e-m/libg.a(lib_a-memcpy.o)
                0x08001350                memcpy
 *fill*         0x08001484       0x1c 
 .text          0x080014a0      0x2dc /usr/bin/gcc-arm-none-eabi-5_4-2016q2/bin/../lib/gcc/arm-none-eabi/5.4.1/../../../../arm-none-eabi/lib/armv7e-m/libg.a(lib_a-strcmp.o)
                0x080014a8                strcmp
 *fill*         0x0800177c        0x4 
 .text          0x08001780       0xdc /usr/bin/gcc-arm-none-eabi-5_4-2016q2/bin/../lib/gcc/arm-none-eabi/5.4.1/../../../../arm-none-eabi/lib/armv7e-m/libg.a(lib_a-strlen.o)
                0x08001780                strlen
 *(.text.*)
 *fill*         0x0800185c        0x4 
 .text.encode_ssdv
                0x08001860     0x20d4 /tmp/cc20mCIF.ltrans0.ltrans.o
                0x08001860                encode_ssdv
 *fill*         0x08003934        0xc 
 .text.moduleTRACKING
                0x08003940     0x1f30 /tmp/cc20mCIF.ltrans1.ltrans.o
                0x08003940                moduleTRACKING
 .text.startup.main
                0x08005870     0x142c /tmp/cc20mCIF.ltrans2.ltrans.o
                0x08005870                main
 *fill*         0x08006c9c        0x4 
 .text.ch_ltoa  0x08006ca0       0x44 /tmp/cc20mCIF.ltrans3.ltrans.o
 *fill*         0x08006ce4        0xc 
 .text._get     0x08006cf0       0x1c /tmp/cc20mCIF.ltrans3.ltrans.o
 *fill*         0x08006d0c        0x4 
 .text._put     0x08006d10       0x1c /tmp/cc20mCIF.ltrans3.ltrans.o
 *fill*         0x08006d2c        0x4 
 .text.notify5.lto_priv.130
                0x08006d30       0x10 /tmp/cc20mCIF.ltrans3.ltrans.o
                0x08006d30                notify5.lto_priv.130
 .text.notify3.lto_priv.129
                0x08006d40       0x10 /tmp/cc20mCIF.ltrans3.ltrans.o
                0x08006d40                notify3.lto_priv.129
 .text._reads   0x08006d50       0x28 /tmp/cc20mCIF.ltrans3.ltrans.o
 *fill*         0x08006d78        0x8 
 .text._writes  0x08006d80       0x24 /tmp/cc20mCIF.ltrans3.ltrans.o
 *fill*         0x08006da4        0xc 
 .text.spi_lld_serve_tx_interrupt.lto_priv.110
                0x08006db0       0x14 /tmp/cc20mCIF.ltrans3.ltrans.o
                0x08006db0                spi_lld_serve_tx_interrupt.lto_priv.110
 *fill*         0x08006dc4        0xc 
 .text.serve_interrupt
                0x08006dd0      0x1c0 /tmp/cc20mCIF.ltrans3.ltrans.o
 .text.Vector114
                0x08006f90       0x30 /tmp/cc20mCIF.ltrans3.ltrans.o
                0x08006f90                Vector114
 .text.VectorDC
                0x08006fc0       0x30 /tmp/cc20mCIF.ltrans3.ltrans.o
                0x08006fc0                VectorDC
 .text.VectorB0
                0x08006ff0       0xd4 /tmp/cc20mCIF.ltrans3.ltrans.o
                0x08006ff0                VectorB0
 *fill*         0x080070c4        0xc 
 .text.spi_lld_serve_rx_interrupt.lto_priv.109
                0x080070d0       0x88 /tmp/cc20mCIF.ltrans3.ltrans.o
                0x080070d0                spi_lld_serve_rx_interrupt.lto_priv.109
 *fill*         0x08007158        0x8 
 .text.Vector14C
                0x08007160      0x39c /tmp/cc20mCIF.ltrans3.ltrans.o
                0x08007160                Vector14C
 *fill*         0x080074fc        0x4 
 .text.chvprintf
                0x08007500      0x304 /tmp/cc20mCIF.ltrans3.ltrans.o
                0x08007500                chvprintf
 *fill*         0x08007804        0xc 
 .text.chsnprintf
                0x08007810       0x5c /tmp/cc20mCIF.ltrans3.ltrans.o
                0x08007810                chsnprintf
 *fill*         0x0800786c        0x4 
 .text.__early_init
                0x08007870       0xf8 /tmp/cc20mCIF.ltrans3.ltrans.o
                0x08007870                __early_init
 *fill*         0x08007968        0x8 
 .text.usb_lld_start_in
                0x08007970       0xac /tmp/cc20mCIF.ltrans3.ltrans.o
                0x08007970                usb_lld_start_in
 *fill*         0x08007a1c        0x4 
 .text.usb_lld_start_out
                0x08007a20       0x84 /tmp/cc20mCIF.ltrans3.ltrans.o
                0x08007a20                usb_lld_start_out
 *fill*         0x08007aa4        0xc 
 .text.OV2640_dma_avail
                0x08007ab0       0xc4 /tmp/cc20mCIF.ltrans4.ltrans.o
 *fill*         0x08007b74        0xc 
 .text.flashSectorAt
                0x08007b80       0x54 /tmp/cc20mCIF.ltrans4.ltrans.o
                0x08007b80                flashSectorAt
 *fill*         0x08007bd4        0xc 
 .text.OV2640_init
                0x08007be0      0x5dc /tmp/cc20mCIF.ltrans4.ltrans.o
                0x08007be0                OV2640_init
 *fill*         0x080081bc        0x4 
 .text.OV2640_getBuffer
                0x080081c0       0x24 /tmp/cc20mCIF.ltrans4.ltrans.o
                0x080081c0                OV2640_getBuffer
 *fill*         0x080081e4        0xc 
 .text.OV2640_Snapshot2RAM
                0x080081f0       0xcc /tmp/cc20mCIF.ltrans4.ltrans.o
                0x080081f0                OV2640_Snapshot2RAM
 *fill*         0x080082bc        0x4 
 .text.pac1720_getPsol
                0x080082c0       0x50 /tmp/cc20mCIF.ltrans4.ltrans.o
                0x080082c0                pac1720_getPsol
 .text.pac1720_getPbat
                0x08008310       0x50 /tmp/cc20mCIF.ltrans4.ltrans.o
                0x08008310                pac1720_getPbat
 .text.pac1720_thd
                0x08008360       0x44 /tmp/cc20mCIF.ltrans4.ltrans.o
                0x08008360                pac1720_thd
 *fill*         0x080083a4        0xc 
 .text.BME280_getHumidity
                0x080083b0       0xa8 /tmp/cc20mCIF.ltrans4.ltrans.o
                0x080083b0                BME280_getHumidity
 *fill*         0x08008458        0x8 
 .text.BME280_getTemperature
                0x08008460       0x64 /tmp/cc20mCIF.ltrans4.ltrans.o
                0x08008460                BME280_getTemperature
 *fill*         0x080084c4        0xc 
 .text.dBm2powerLvl
                0x080084d0       0x90 /tmp/cc20mCIF.ltrans4.ltrans.o
                0x080084d0                dBm2powerLvl
 .text.radioShutdown
                0x08008560       0x48 /tmp/cc20mCIF.ltrans4.ltrans.o
                0x08008560                radioShutdown
 *fill*         0x080085a8        0x8 
 .text.Si4464_write
                0x080085b0       0x80 /tmp/cc20mCIF.ltrans4.ltrans.o
                0x080085b0                Si4464_write
 .text.Si4464_Init
                0x08008630      0x4b4 /tmp/cc20mCIF.ltrans4.ltrans.o
                0x08008630                Si4464_Init
 *fill*         0x08008ae4        0xc 
 .text.SVC_Handler
                0x08008af0       0x14 /tmp/cc20mCIF.ltrans5.ltrans.o
                0x08008af0                SVC_Handler
 *fill*         0x08008b04        0xc 
 .text._usb_ep0setup
                0x08008b10      0x3f0 /tmp/cc20mCIF.ltrans5.ltrans.o
                0x08008b10                _usb_ep0setup
 .text.stSetAlarm
                0x08008f00       0x1c /tmp/cc20mCIF.ltrans5.ltrans.o
                0x08008f00                stSetAlarm
 *fill*         0x08008f1c        0x4 
 .text._port_irq_epilogue
                0x08008f20       0x54 /tmp/cc20mCIF.ltrans5.ltrans.o
                0x08008f20                _port_irq_epilogue
 *fill*         0x08008f74        0xc 
 .text.chEvtBroadcastFlagsI
                0x08008f80       0x94 /tmp/cc20mCIF.ltrans5.ltrans.o
                0x08008f80                chEvtBroadcastFlagsI
 *fill*         0x08009014        0xc 
 .text.sdStart  0x08009020      0x104 /tmp/cc20mCIF.ltrans5.ltrans.o
                0x08009020                sdStart
 *fill*         0x08009124        0xc 
 .text.oqWriteTimeout
                0x08009130      0x108 /tmp/cc20mCIF.ltrans5.ltrans.o
                0x08009130                oqWriteTimeout
 *fill*         0x08009238        0x8 
 .text._writet.lto_priv.117
                0x08009240        0x8 /tmp/cc20mCIF.ltrans5.ltrans.o
                0x08009240                _writet.lto_priv.117
 *fill*         0x08009248        0x8 
 .text._write.lto_priv.111
                0x08009250        0xc /tmp/cc20mCIF.ltrans5.ltrans.o
                0x08009250                _write.lto_priv.111
 *fill*         0x0800925c        0x4 
 .text.oqPutTimeout
                0x08009260       0x98 /tmp/cc20mCIF.ltrans5.ltrans.o
 *fill*         0x080092f8        0x8 
 .text._putt.lto_priv.115
                0x08009300        0x8 /tmp/cc20mCIF.ltrans5.ltrans.o
                0x08009300                _putt.lto_priv.115
 *fill*         0x08009308        0x8 
 .text._put.lto_priv.113
                0x08009310        0xc /tmp/cc20mCIF.ltrans5.ltrans.o
                0x08009310                _put.lto_priv.113
 *fill*         0x0800931c        0x4 
 .text.iqReadTimeout
                0x08009320      0x108 /tmp/cc20mCIF.ltrans5.ltrans.o
 *fill*         0x08009428        0x8 
 .text._readt.lto_priv.118
                0x08009430        0x8 /tmp/cc20mCIF.ltrans5.ltrans.o
                0x08009430                _readt.lto_priv.118
 *fill*         0x08009438        0x8 
 .text._read.lto_priv.112
                0x08009440        0xc /tmp/cc20mCIF.ltrans5.ltrans.o
                0x08009440                _read.lto_priv.112
 *fill*         0x0800944c        0x4 
 .text.iqGetTimeout
                0x08009450       0x74 /tmp/cc20mCIF.ltrans5.ltrans.o
                0x08009450                iqGetTimeout
 *fill*         0x080094c4        0xc 
 .text._gett.lto_priv.116
                0x080094d0        0x8 /tmp/cc20mCIF.ltrans5.ltrans.o
                0x080094d0                _gett.lto_priv.116
 *fill*         0x080094d8        0x8 
 .text._get.lto_priv.114
                0x080094e0        0xc /tmp/cc20mCIF.ltrans5.ltrans.o
                0x080094e0                _get.lto_priv.114
 *fill*         0x080094ec        0x4 
 .text.chCoreAllocAligned
                0x080094f0       0x84 /tmp/cc20mCIF.ltrans5.ltrans.o
                0x080094f0                chCoreAllocAligned
 *fill*         0x08009574        0xc 
 .text.chMtxUnlock
                0x08009580       0xb4 /tmp/cc20mCIF.ltrans5.ltrans.o
                0x08009580                chMtxUnlock
 *fill*         0x08009634        0xc 
 .text.Vector158
                0x08009640       0x44 /tmp/cc20mCIF.ltrans6.ltrans.o
                0x08009640                Vector158
 *fill*         0x08009684        0xc 
 .text.Vector154
                0x08009690       0x44 /tmp/cc20mCIF.ltrans6.ltrans.o
                0x08009690                Vector154
 *fill*         0x080096d4        0xc 
 .text.Vector150
                0x080096e0       0x44 /tmp/cc20mCIF.ltrans6.ltrans.o
                0x080096e0                Vector150
 *fill*         0x08009724        0xc 
 .text.Vector130
                0x08009730       0x40 /tmp/cc20mCIF.ltrans6.ltrans.o
                0x08009730                Vector130
 .text.Vector12C
                0x08009770       0x44 /tmp/cc20mCIF.ltrans6.ltrans.o
                0x08009770                Vector12C
 *fill*         0x080097b4        0xc 
 .text.Vector128
                0x080097c0       0x44 /tmp/cc20mCIF.ltrans6.ltrans.o
                0x080097c0                Vector128
 *fill*         0x08009804        0xc 
 .text.Vector124
                0x08009810       0x44 /tmp/cc20mCIF.ltrans6.ltrans.o
                0x08009810                Vector124
 *fill*         0x08009854        0xc 
 .text.Vector120
                0x08009860       0x40 /tmp/cc20mCIF.ltrans6.ltrans.o
                0x08009860                Vector120
 .text.VectorFC
                0x080098a0       0x44 /tmp/cc20mCIF.ltrans6.ltrans.o
                0x080098a0                VectorFC
 *fill*         0x080098e4        0xc 
 .text.Vector84
                0x080098f0       0x44 /tmp/cc20mCIF.ltrans6.ltrans.o
                0x080098f0                Vector84
 *fill*         0x08009934        0xc 
 .text.Vector80
                0x08009940       0x44 /tmp/cc20mCIF.ltrans6.ltrans.o
                0x08009940                Vector80
 *fill*         0x08009984        0xc 
 .text.Vector7C
                0x08009990       0x40 /tmp/cc20mCIF.ltrans6.ltrans.o
                0x08009990                Vector7C
 .text.Vector78
                0x080099d0       0x44 /tmp/cc20mCIF.ltrans6.ltrans.o
                0x080099d0                Vector78
 *fill*         0x08009a14        0xc 
 .text.Vector74
                0x08009a20       0x44 /tmp/cc20mCIF.ltrans6.ltrans.o
                0x08009a20                Vector74
 *fill*         0x08009a64        0xc 
 .text.Vector70
                0x08009a70       0x44 /tmp/cc20mCIF.ltrans6.ltrans.o
                0x08009a70                Vector70
 *fill*         0x08009ab4        0xc 
 .text.Vector6C
                0x08009ac0       0x40 /tmp/cc20mCIF.ltrans6.ltrans.o
                0x08009ac0                Vector6C
 .text.VectorC0
                0x08009b00       0xf4 /tmp/cc20mCIF.ltrans6.ltrans.o
                0x08009b00                VectorC0
 *fill*         0x08009bf4        0xc 
 .text.VectorBC
                0x08009c00      0x114 /tmp/cc20mCIF.ltrans6.ltrans.o
                0x08009c00                VectorBC
 *fill*         0x08009d14        0xc 
 .text.Vector88
                0x08009d20       0xb4 /tmp/cc20mCIF.ltrans6.ltrans.o
                0x08009d20                Vector88
 *fill*         0x08009dd4        0xc 
 .text.adc_lld_serve_rx_interrupt.lto_priv.136
                0x08009de0      0x134 /tmp/cc20mCIF.ltrans6.ltrans.o
                0x08009de0                adc_lld_serve_rx_interrupt.lto_priv.136
 *fill*         0x08009f14        0xc 
 .text.i2c_lld_serve_tx_end_irq.lto_priv.108
                0x08009f20       0x3c /tmp/cc20mCIF.ltrans6.ltrans.o
                0x08009f20                i2c_lld_serve_tx_end_irq.lto_priv.108
 *fill*         0x08009f5c        0x4 
 .text.i2c_lld_serve_rx_end_irq.lto_priv.107
                0x08009f60       0x6c /tmp/cc20mCIF.ltrans6.ltrans.o
                0x08009f60                i2c_lld_serve_rx_end_irq.lto_priv.107
 *fill*         0x08009fcc        0x4 
 .text._usb_ep0out
                0x08009fd0       0x8c /tmp/cc20mCIF.ltrans6.ltrans.o
                0x08009fd0                _usb_ep0out
 *fill*         0x0800a05c        0x4 
 .text._usb_ep0in
                0x0800a060       0xc8 /tmp/cc20mCIF.ltrans6.ltrans.o
                0x0800a060                _usb_ep0in
 *fill*         0x0800a128        0x8 
 .text._pal_lld_setgroupmode
                0x0800a130       0xd0 /tmp/cc20mCIF.ltrans6.ltrans.o
                0x0800a130                _pal_lld_setgroupmode
 .text.dmaStreamRelease
                0x0800a200       0x7c /tmp/cc20mCIF.ltrans6.ltrans.o
                0x0800a200                dmaStreamRelease
 *fill*         0x0800a27c        0x4 
 .text.dmaStreamAllocate
                0x0800a280       0xc0 /tmp/cc20mCIF.ltrans6.ltrans.o
                0x0800a280                dmaStreamAllocate
 .text.chSchWakeupS.constprop.96
                0x0800a340       0x78 /tmp/cc20mCIF.ltrans7.ltrans.o
                0x0800a340                chSchWakeupS.constprop.96
 *fill*         0x0800a3b8        0x8 
 .text.chTMStartMeasurementX.constprop.93
                0x0800a3c0        0xc /tmp/cc20mCIF.ltrans7.ltrans.o
                0x0800a3c0                chTMStartMeasurementX.constprop.93
 *fill*         0x0800a3cc        0x4 
 .text.chSysPolledDelayX.constprop.92
                0x0800a3d0       0x14 /tmp/cc20mCIF.ltrans7.ltrans.o
                0x0800a3d0                chSysPolledDelayX.constprop.92
 *fill*         0x0800a3e4        0xc 
 .text.chThdDequeueNextI.constprop.88
                0x0800a3f0       0x30 /tmp/cc20mCIF.ltrans7.ltrans.o
                0x0800a3f0                chThdDequeueNextI.constprop.88
 .text.sdObjectInit.constprop.80
                0x0800a420       0x58 /tmp/cc20mCIF.ltrans7.ltrans.o
                0x0800a420                sdObjectInit.constprop.80
 *fill*         0x0800a478        0x8 
 .text.usbStartReceiveI.constprop.44
                0x0800a480       0x3c /tmp/cc20mCIF.ltrans7.ltrans.o
                0x0800a480                usbStartReceiveI.constprop.44
 *fill*         0x0800a4bc        0x4 
 .text.usbStartTransmitI.constprop.43
                0x0800a4c0       0x3c /tmp/cc20mCIF.ltrans7.ltrans.o
                0x0800a4c0                usbStartTransmitI.constprop.43
 *fill*         0x0800a4fc        0x4 
 .text.otg_epout_handler.constprop.30
                0x0800a500       0xb8 /tmp/cc20mCIF.ltrans7.ltrans.o
                0x0800a500                otg_epout_handler.constprop.30
 *fill*         0x0800a5b8        0x8 
 .text.otg_epin_handler.constprop.29
                0x0800a5c0       0xc8 /tmp/cc20mCIF.ltrans7.ltrans.o
                0x0800a5c0                otg_epin_handler.constprop.29
 *fill*         0x0800a688        0x8 
 .text.chprintf.constprop.26
                0x0800a690       0x24 /tmp/cc20mCIF.ltrans7.ltrans.o
                0x0800a690                chprintf.constprop.26
 *fill*         0x0800a6b4        0xc 
 .text.chThdCreateFromHeap.constprop.86
                0x0800a6c0      0x180 /tmp/cc20mCIF.ltrans7.ltrans.o
                0x0800a6c0                chThdCreateFromHeap.constprop.86
 .text.i2cStart.constprop.66
                0x0800a840      0x258 /tmp/cc20mCIF.ltrans7.ltrans.o
                0x0800a840                i2cStart.constprop.66
 *fill*         0x0800aa98        0x8 
 .text.spiExchange.constprop.47
                0x0800aaa0       0xc4 /tmp/cc20mCIF.ltrans7.ltrans.o
                0x0800aaa0                spiExchange.constprop.47
 *fill*         0x0800ab64        0xc 
 .text.spiStart.constprop.53
                0x0800ab70      0x104 /tmp/cc20mCIF.ltrans7.ltrans.o
                0x0800ab70                spiStart.constprop.53
 *fill*         0x0800ac74        0xc 
 .text.spiSelect.constprop.51
                0x0800ac80       0x5c /tmp/cc20mCIF.ltrans7.ltrans.o
                0x0800ac80                spiSelect.constprop.51
 *fill*         0x0800acdc        0x4 
 .text.spiUnselect.constprop.49
                0x0800ace0       0x5c /tmp/cc20mCIF.ltrans7.ltrans.o
                0x0800ace0                spiUnselect.constprop.49
 *fill*         0x0800ad3c        0x4 
 .text.wdgReset.constprop.35
                0x0800ad40       0x58 /tmp/cc20mCIF.ltrans7.ltrans.o
                0x0800ad40                wdgReset.constprop.35
 *fill*         0x0800ad98        0x8 
 .text.moduleIMG
                0x0800ada0      0xc78 /tmp/cc20mCIF.ltrans8.ltrans.o
                0x0800ada0                moduleIMG
 *fill*         0x0800ba18        0x8 
 .text.trace_next
                0x0800ba20       0x38 /tmp/cc20mCIF.ltrans9.ltrans.o
 *fill*         0x0800ba58        0x8 
 .text._idle_thread.lto_priv.131
                0x0800ba60        0x4 /tmp/cc20mCIF.ltrans9.ltrans.o
                0x0800ba60                _idle_thread.lto_priv.131
 *fill*         0x0800ba64        0xc 
 .text.chTMStopMeasurementX
                0x0800ba70       0x48 /tmp/cc20mCIF.ltrans9.ltrans.o
                0x0800ba70                chTMStopMeasurementX
 *fill*         0x0800bab8        0x8 
 .text._trace_switch.part.0.lto_priv.119
                0x0800bac0       0x2c /tmp/cc20mCIF.ltrans9.ltrans.o
                0x0800bac0                _trace_switch.part.0.lto_priv.119
 *fill*         0x0800baec        0x4 
 .text._trace_isr_leave
                0x0800baf0       0x34 /tmp/cc20mCIF.ltrans9.ltrans.o
                0x0800baf0                _trace_isr_leave
 *fill*         0x0800bb24        0xc 
 .text._trace_isr_enter
                0x0800bb30       0x34 /tmp/cc20mCIF.ltrans9.ltrans.o
                0x0800bb30                _trace_isr_enter
 *fill*         0x0800bb64        0xc 
 .text.chSysHalt
                0x0800bb70       0x34 /tmp/cc20mCIF.ltrans9.ltrans.o
                0x0800bb70                chSysHalt
 *fill*         0x0800bba4        0xc 
 .text.chDbgCheckClassS
                0x0800bbb0       0x20 /tmp/cc20mCIF.ltrans9.ltrans.o
                0x0800bbb0                chDbgCheckClassS
 .text.chSchGoSleepS
                0x0800bbd0       0x54 /tmp/cc20mCIF.ltrans9.ltrans.o
                0x0800bbd0                chSchGoSleepS
 *fill*         0x0800bc24        0xc 
 .text.chDbgCheckClassI
                0x0800bc30       0x20 /tmp/cc20mCIF.ltrans9.ltrans.o
                0x0800bc30                chDbgCheckClassI
 .text.chThdCreateSuspendedI
                0x0800bc50       0xb4 /tmp/cc20mCIF.ltrans9.ltrans.o
                0x0800bc50                chThdCreateSuspendedI
 *fill*         0x0800bd04        0xc 
 .text.chSchDoRescheduleAhead
                0x0800bd10       0x80 /tmp/cc20mCIF.ltrans9.ltrans.o
                0x0800bd10                chSchDoReschedule
 .text.chSchRescheduleS
                0x0800bd90       0x28 /tmp/cc20mCIF.ltrans9.ltrans.o
                0x0800bd90                chSchRescheduleS
 *fill*         0x0800bdb8        0x8 
 .text.chSchReadyI
                0x0800bdc0       0x44 /tmp/cc20mCIF.ltrans9.ltrans.o
                0x0800bdc0                chSchReadyI
 *fill*         0x0800be04        0xc 
 .text.chThdResumeI
                0x0800be10       0x2c /tmp/cc20mCIF.ltrans9.ltrans.o
                0x0800be10                chThdResumeI
 *fill*         0x0800be3c        0x4 
 .text.chVTDoResetI
                0x0800be40       0x8c /tmp/cc20mCIF.ltrans9.ltrans.o
                0x0800be40                chVTDoResetI
 *fill*         0x0800becc        0x4 
 .text.chVTDoSetI
                0x0800bed0       0xc4 /tmp/cc20mCIF.ltrans9.ltrans.o
                0x0800bed0                chVTDoSetI
 *fill*         0x0800bf94        0xc 
 .text.chSchGoSleepTimeoutS
                0x0800bfa0       0x54 /tmp/cc20mCIF.ltrans9.ltrans.o
                0x0800bfa0                chSchGoSleepTimeoutS
 *fill*         0x0800bff4        0xc 
 .text.chThdEnqueueTimeoutS
                0x0800c000       0x28 /tmp/cc20mCIF.ltrans9.ltrans.o
                0x0800c000                chThdEnqueueTimeoutS
 *fill*         0x0800c028        0x8 
 .text._dbg_check_leave_isr
                0x0800c030       0x2c /tmp/cc20mCIF.ltrans9.ltrans.o
                0x0800c030                _dbg_check_leave_isr
 *fill*         0x0800c05c        0x4 
 .text._dbg_check_enter_isr
                0x0800c060       0x2c /tmp/cc20mCIF.ltrans9.ltrans.o
                0x0800c060                _dbg_check_enter_isr
 *fill*         0x0800c08c        0x4 
 .text._dbg_check_unlock_from_isr
                0x0800c090       0x24 /tmp/cc20mCIF.ltrans9.ltrans.o
                0x0800c090                _dbg_check_unlock_from_isr
 *fill*         0x0800c0b4        0xc 
 .text._dbg_check_lock_from_isr
                0x0800c0c0       0x24 /tmp/cc20mCIF.ltrans9.ltrans.o
                0x0800c0c0                _dbg_check_lock_from_isr
 *fill*         0x0800c0e4        0xc 
 .text.wakeup   0x0800c0f0       0x64 /tmp/cc20mCIF.ltrans9.ltrans.o
 *fill*         0x0800c154        0xc 
 .text._dbg_check_unlock
                0x0800c160       0x20 /tmp/cc20mCIF.ltrans9.ltrans.o
                0x0800c160                _dbg_check_unlock
 .text._dbg_check_lock
                0x0800c180       0x20 /tmp/cc20mCIF.ltrans9.ltrans.o
                0x0800c180                _dbg_check_lock
 .text.chMtxLock
                0x0800c1a0      0x124 /tmp/cc20mCIF.ltrans9.ltrans.o
                0x0800c1a0                chMtxLock
 *fill*         0x0800c2c4        0xc 
 .text.chThdSleepUntilWindowed
                0x0800c2d0       0x64 /tmp/cc20mCIF.ltrans9.ltrans.o
                0x0800c2d0                chThdSleepUntilWindowed
 *fill*         0x0800c334        0xc 
 .text.chThdSleep
                0x0800c340       0x50 /tmp/cc20mCIF.ltrans9.ltrans.o
                0x0800c340                chThdSleep
 .text.chThdExit
                0x0800c390       0x58 /tmp/cc20mCIF.ltrans9.ltrans.o
                0x0800c390                chThdExit
 *fill*         0x0800c3e8        0x8 
 .text.chSysGetStatusAndLockX.part.1.lto_priv.137
                0x0800c3f0       0x24 /tmp/cc20mCIF.ltrans9.ltrans.o
                0x0800c3f0                chSysGetStatusAndLockX.part.1.lto_priv.137
 *fill*         0x0800c414        0xc 
 .text.chSysRestoreStatusX.part.2.lto_priv.138
                0x0800c420       0x48 /tmp/cc20mCIF.ltrans9.ltrans.o
                0x0800c420                chSysRestoreStatusX.part.2.lto_priv.138
 *fill*         0x0800c468        0x8 
 .text._unhandled_exception
                0x0800c470        0x4 /tmp/cc20mCIF.ltrans9.ltrans.o
                0x0800c470                Vector58
                0x0800c470                VectorE8
                0x0800c470                Vector9C
                0x0800c470                VectorAC
                0x0800c470                DebugMon_Handler
                0x0800c470                Vector1A0
                0x0800c470                Vector5C
                0x0800c470                HardFault_Handler
                0x0800c470                Vector1B8
                0x0800c470                Vector19C
                0x0800c470                Vector8C
                0x0800c470                SysTick_Handler
                0x0800c470                PendSV_Handler
                0x0800c470                Vector168
                0x0800c470                NMI_Handler
                0x0800c470                Vector110
                0x0800c470                VectorC8
                0x0800c470                Vector94
                0x0800c470                VectorA8
                0x0800c470                VectorB4
                0x0800c470                Vector160
                0x0800c470                Vector1B0
                0x0800c470                UsageFault_Handler
                0x0800c470                VectorEC
                0x0800c470                Vector40
                0x0800c470                VectorF8
                0x0800c470                Vector108
                0x0800c470                Vector190
                0x0800c470                Vector148
                0x0800c470                Vector188
                0x0800c470                Vector198
                0x0800c470                Vector118
                0x0800c470                Vector64
                0x0800c470                VectorCC
                0x0800c470                Vector54
                0x0800c470                Vector98
                0x0800c470                VectorD8
                0x0800c470                Vector138
                0x0800c470                Vector24
                0x0800c470                Vector1AC
                0x0800c470                Vector178
                0x0800c470                Vector1A4
                0x0800c470                VectorD0
                0x0800c470                Vector1B4
                0x0800c470                Vector140
                0x0800c470                VectorE4
                0x0800c470                Vector134
                0x0800c470                VectorF0
                0x0800c470                Vector13C
                0x0800c470                Vector100
                0x0800c470                VectorE0
                0x0800c470                VectorF4
                0x0800c470                MemManage_Handler
                0x0800c470                VectorA0
                0x0800c470                VectorC4
                0x0800c470                Vector180
                0x0800c470                Vector90
                0x0800c470                Vector164
                0x0800c470                Vector60
                0x0800c470                Vector1C
                0x0800c470                Vector1BC
                0x0800c470                Vector17C
                0x0800c470                Vector48
                0x0800c470                Vector1A8
                0x0800c470                Vector16C
                0x0800c470                VectorD4
                0x0800c470                Vector4C
                0x0800c470                Vector144
                0x0800c470                Vector15C
                0x0800c470                Vector68
                0x0800c470                _unhandled_exception
                0x0800c470                Vector170
                0x0800c470                Vector104
                0x0800c470                Vector184
                0x0800c470                Vector10C
                0x0800c470                BusFault_Handler
                0x0800c470                Vector50
                0x0800c470                Vector194
                0x0800c470                Vector44
                0x0800c470                Vector28
                0x0800c470                VectorB8
                0x0800c470                Vector34
                0x0800c470                VectorA4
                0x0800c470                Vector20
                0x0800c470                Vector18C
                0x0800c470                Vector174
 *fill*         0x0800c474        0xc 
 .text.__init_ram_areas
                0x0800c480       0x64 /tmp/cc20mCIF.ltrans9.ltrans.o
                0x0800c480                __init_ram_areas
 *fill*         0x0800c4e4        0xc 
 .text.__default_exit
                0x0800c4f0        0x4 /tmp/cc20mCIF.ltrans9.ltrans.o
                0x0800c4f0                __default_exit
 *fill*         0x0800c4f4        0xc 
 .text.__late_init
                0x0800c500        0x4 /tmp/cc20mCIF.ltrans9.ltrans.o
                0x0800c500                __late_init
 *fill*         0x0800c504        0xc 
 .text.__core_init
                0x0800c510        0x4 /tmp/cc20mCIF.ltrans9.ltrans.o
                0x0800c510                __core_init
 *fill*         0x0800c514        0xc 
 .text.adccb    0x0800c520        0x4 /tmp/cc20mCIF.ltrans10.ltrans.o
 *fill*         0x0800c524        0xc 
 .text.getTime  0x0800c530      0x144 /tmp/cc20mCIF.ltrans10.ltrans.o
                0x0800c530                getTime
 *fill*         0x0800c674        0xc 
 .text.I2C_read8
                0x0800c680       0x3c /tmp/cc20mCIF.ltrans10.ltrans.o
                0x0800c680                I2C_read8
 *fill*         0x0800c6bc        0x4 
 .text.I2C_write8
                0x0800c6c0       0x3c /tmp/cc20mCIF.ltrans10.ltrans.o
                0x0800c6c0                I2C_write8
 *fill*         0x0800c6fc        0x4 
 .text.I2C_read16_locked
                0x0800c700       0x2c /tmp/cc20mCIF.ltrans10.ltrans.o
                0x0800c700                I2C_read16_locked
 *fill*         0x0800c72c        0x4 
 .text.I2C_read16
                0x0800c730       0x2c /tmp/cc20mCIF.ltrans10.ltrans.o
                0x0800c730                I2C_read16
 *fill*         0x0800c75c        0x4 
 .text.ax25_send_flag
                0x0800c760       0x60 /tmp/cc20mCIF.ltrans10.ltrans.o
                0x0800c760                ax25_send_flag
 .text.send_byte.lto_priv.140
                0x0800c7c0       0xa0 /tmp/cc20mCIF.ltrans10.ltrans.o
                0x0800c7c0                send_byte.lto_priv.140
 .text.ax25_send_path
                0x0800c860       0x58 /tmp/cc20mCIF.ltrans10.ltrans.o
                0x0800c860                ax25_send_path
 *fill*         0x0800c8b8        0x8 
 .text.ssdv_outbits.lto_priv.142
                0x0800c8c0       0x94 /tmp/cc20mCIF.ltrans10.ltrans.o
                0x0800c8c0                ssdv_outbits.lto_priv.142
 *fill*         0x0800c954        0xc 
 .text.ssdv_outbits_sync.lto_priv.143
                0x0800c960       0x1c /tmp/cc20mCIF.ltrans10.ltrans.o
                0x0800c960                ssdv_outbits_sync.lto_priv.143
 *fill*         0x0800c97c        0x4 
 .text.log_error
                0x0800c980       0x80 /tmp/cc20mCIF.ltrans10.ltrans.o
                0x0800c980                log_error
 .text.ssdv_have_marker.lto_priv.141
                0x0800ca00      0x14c /tmp/cc20mCIF.ltrans10.ltrans.o
                0x0800ca00                ssdv_have_marker.lto_priv.141
 *fill*         0x0800cb4c        0x4 
 .text.ssdv_out_jpeg_int.lto_priv.144
                0x0800cb50      0x184 /tmp/cc20mCIF.ltrans10.ltrans.o
                0x0800cb50                ssdv_out_jpeg_int.lto_priv.144
 *fill*         0x0800ccd4        0xc 
 .text.doConversion
                0x0800cce0      0x1f0 /tmp/cc20mCIF.ltrans10.ltrans.o
                0x0800cce0                doConversion
 .text.getSolarVoltageMV
                0x0800ced0       0x28 /tmp/cc20mCIF.ltrans10.ltrans.o
                0x0800ced0                getSolarVoltageMV
 *fill*         0x0800cef8        0x8 
 .text.getBatteryVoltageMV
                0x0800cf00       0x60 /tmp/cc20mCIF.ltrans10.ltrans.o
                0x0800cf00                getBatteryVoltageMV
 .text.I2C_read16_LE.constprop.18
                0x0800cf60       0x1c /tmp/cc20mCIF.ltrans11.ltrans.o
 *fill*         0x0800cf7c        0x4 
 .text.BME280_getPressure.constprop.19
                0x0800cf80      0x278 /tmp/cc20mCIF.ltrans11.ltrans.o
                0x0800cf80                BME280_getPressure.constprop.19
 *fill*         0x0800d1f8        0x8 
 .text.BME280_Init.constprop.17
                0x0800d200      0x128 /tmp/cc20mCIF.ltrans11.ltrans.o
                0x0800d200                BME280_Init.constprop.17
 *fill*         0x0800d328        0x8 
 .text.gps_receive_ack.constprop.14
                0x0800d330       0x98 /tmp/cc20mCIF.ltrans11.ltrans.o
                0x0800d330                gps_receive_ack.constprop.14
 *fill*         0x0800d3c8        0x8 
 .text.radioTune.constprop.10
                0x0800d3d0      0x428 /tmp/cc20mCIF.ltrans11.ltrans.o
                0x0800d3d0                radioTune.constprop.10
 *fill*         0x0800d7f8        0x8 
 .text.i2cSendDriver.constprop.20
                0x0800d800      0x3ac /tmp/cc20mCIF.ltrans11.ltrans.o
                0x0800d800                i2cSendDriver.constprop.20
 *fill*         0x0800dbac        0x4 
 .text.I2C_write8_locked.constprop.1
                0x0800dbb0       0x20 /tmp/cc20mCIF.ltrans11.ltrans.o
                0x0800dbb0                I2C_write8_locked.constprop.1
 .text.isPointInPolygon
                0x0800dbd0       0x78 /tmp/cc20mCIF.ltrans12.ltrans.o
 *fill*         0x0800dc48        0x8 
 .text.getAPRSRegionFrequency2m
                0x0800dc50      0x12c /tmp/cc20mCIF.ltrans12.ltrans.o
                0x0800dc50                getAPRSRegionFrequency2m
 *fill*         0x0800dd7c        0x4 
 .text.Vector11C
                0x0800dd80      0x10c /tmp/cc20mCIF.ltrans12.ltrans.o
 *fill*         0x0800de8c        0x4 
 .text.led_cb.lto_priv.120
                0x0800de90       0x84 /tmp/cc20mCIF.ltrans12.ltrans.o
                0x0800de90                led_cb.lto_priv.120
 *fill*         0x0800df14        0xc 
 .text.serial_cb
                0x0800df20      0x178 /tmp/cc20mCIF.ltrans12.ltrans.o
 *fill*         0x0800e098        0x8 
 .text.flashSectorSize.part.1.lto_priv.135
                0x0800e0a0       0x18 /tmp/cc20mCIF.ltrans12.ltrans.o
                0x0800e0a0                flashSectorSize.part.1.lto_priv.135
 *fill*         0x0800e0b8        0x8 
 .text.transmitOnRadio
                0x0800e0c0      0x528 /tmp/cc20mCIF.ltrans12.ltrans.o
                0x0800e0c0                transmitOnRadio
 .text.memmove  0x0800e5e8       0xc8 /usr/bin/gcc-arm-none-eabi-5_4-2016q2/bin/../lib/gcc/arm-none-eabi/5.4.1/../../../../arm-none-eabi/lib/armv7e-m/libg.a(lib_a-memmove.o)
                0x0800e5e8                memmove
 .text.memset   0x0800e6b0       0x9c /usr/bin/gcc-arm-none-eabi-5_4-2016q2/bin/../lib/gcc/arm-none-eabi/5.4.1/../../../../arm-none-eabi/lib/armv7e-m/libg.a(lib_a-memset.o)
                0x0800e6b0                memset
 *(.glue_7t)
 .glue_7t       0x0800e74c        0x0 linker stubs
 *(.glue_7)
 .glue_7        0x0800e74c        0x0 linker stubs
 *(.gcc*)

.vfp11_veneer   0x0800e74c        0x0
 .vfp11_veneer  0x0800e74c        0x0 linker stubs

.v4_bx          0x0800e74c        0x0
 .v4_bx         0x0800e74c        0x0 linker stubs

.iplt           0x0800e74c        0x0
 .iplt          0x0800e74c        0x0 build/obj/crt0_v7m.o

.rodata         0x0800e74c     0x32d0
                0x0800e74c                . = ALIGN (0x4)
                0x0800e74c                __rodata_base__ = .
 *(.rodata)
 .rodata        0x0800e74c       0x90 /tmp/cc20mCIF.ltrans1.ltrans.o
 .rodata        0x0800e7dc       0x4e /tmp/cc20mCIF.ltrans4.ltrans.o
 *fill*         0x0800e82a        0x2 
 .rodata        0x0800e82c       0x10 /tmp/cc20mCIF.ltrans11.ltrans.o
 *(.rodata.*)
 .rodata.std_dht10
                0x0800e83c       0xb3 /tmp/cc20mCIF.ltrans0.ltrans.o
 *fill*         0x0800e8ef        0x1 
 .rodata.std_dht11
                0x0800e8f0       0xb3 /tmp/cc20mCIF.ltrans0.ltrans.o
 *fill*         0x0800e9a3        0x1 
 .rodata.std_dqt0
                0x0800e9a4       0x41 /tmp/cc20mCIF.ltrans0.ltrans.o
 *fill*         0x0800e9e5        0x3 
 .rodata.std_dqt1
                0x0800e9e8       0x41 /tmp/cc20mCIF.ltrans0.ltrans.o
 *fill*         0x0800ea29        0x3 
 .rodata.GENPOLY
                0x0800ea2c       0x21 /tmp/cc20mCIF.ltrans0.ltrans.o
 *fill*         0x0800ea4d        0x3 
 .rodata.str1.4
                0x0800ea50      0x421 /tmp/cc20mCIF.ltrans0.ltrans.o
                                0x42d (size before relaxing)
 *fill*         0x0800ee71        0x3 
 .rodata.INDEX_OF
                0x0800ee74      0x100 /tmp/cc20mCIF.ltrans0.ltrans.o
 .rodata.b91_table
                0x0800ef74       0x5b /tmp/cc20mCIF.ltrans0.ltrans.o
 *fill*         0x0800efcf        0x1 
 .rodata.ALPHA_TO
                0x0800efd0      0x100 /tmp/cc20mCIF.ltrans0.ltrans.o
 .rodata.std_dht00
                0x0800f0d0       0x1d /tmp/cc20mCIF.ltrans0.ltrans.o
 *fill*         0x0800f0ed        0x3 
 .rodata.std_dht01
                0x0800f0f0       0x1d /tmp/cc20mCIF.ltrans0.ltrans.o
 *fill*         0x0800f10d        0x3 
 .rodata.gps_config
                0x0800f110        0xc /tmp/cc20mCIF.ltrans1.ltrans.o
 .rodata.nonLeapYear
                0x0800f11c       0x1a /tmp/cc20mCIF.ltrans1.ltrans.o
 *fill*         0x0800f136        0x2 
 .rodata.leapYear
                0x0800f138       0x1a /tmp/cc20mCIF.ltrans1.ltrans.o
 *fill*         0x0800f152        0x2 
 .rodata.str1.4
                0x0800f154      0x613 /tmp/cc20mCIF.ltrans1.ltrans.o
                                0x64b (size before relaxing)
 *fill*         0x0800f767        0x1 
 .rodata.__func__.6736
                0x0800f768        0xc /tmp/cc20mCIF.ltrans2.ltrans.o
 .rodata.__func__.5997.lto_priv.125
                0x0800f774        0xc /tmp/cc20mCIF.ltrans2.ltrans.o
                0x0800f774                __func__.5997.lto_priv.125
 .rodata.__func__.5997.lto_priv.126
                0x0800f780        0xc /tmp/cc20mCIF.ltrans2.ltrans.o
 .rodata.__func__.5997.lto_priv.127
                0x0800f78c        0xc /tmp/cc20mCIF.ltrans2.ltrans.o
 .rodata.__func__.6979
                0x0800f798       0x10 /tmp/cc20mCIF.ltrans2.ltrans.o
 .rodata._stm32_dma_streams
                0x0800f7a8       0xc0 /tmp/cc20mCIF.ltrans2.ltrans.o
                0x0800f7a8                _stm32_dma_streams
 .rodata.wdgcfg
                0x0800f868        0x8 /tmp/cc20mCIF.ltrans2.ltrans.o
 .rodata.str1.4
                0x0800f870      0x225 /tmp/cc20mCIF.ltrans2.ltrans.o
                                0x29d (size before relaxing)
 *fill*         0x0800fa95        0x3 
 .rodata.ch_debug
                0x0800fa98       0x16 /tmp/cc20mCIF.ltrans2.ltrans.o
 *fill*         0x0800faae        0x2 
 .rodata.fsparams
                0x0800fab0        0xc /tmp/cc20mCIF.ltrans2.ltrans.o
 .rodata.idle_descriptor.6716
                0x0800fabc       0x18 /tmp/cc20mCIF.ltrans2.ltrans.o
 .rodata.__func__.6739
                0x0800fad4        0xb /tmp/cc20mCIF.ltrans2.ltrans.o
 *fill*         0x0800fadf        0x1 
 .rodata.__func__.8601
                0x0800fae0        0x9 /tmp/cc20mCIF.ltrans2.ltrans.o
 *fill*         0x0800fae9        0x3 
 .rodata.__func__.6735
                0x0800faec        0xc /tmp/cc20mCIF.ltrans2.ltrans.o
 .rodata.__func__.6757
                0x0800faf8        0xd /tmp/cc20mCIF.ltrans2.ltrans.o
 *fill*         0x0800fb05        0x3 
 .rodata.__func__.6261
                0x0800fb08        0xc /tmp/cc20mCIF.ltrans2.ltrans.o
 .rodata.uart_config
                0x0800fb14        0xc /tmp/cc20mCIF.ltrans2.ltrans.o
 .rodata.__func__.8597
                0x0800fb20        0x9 /tmp/cc20mCIF.ltrans3.ltrans.o
 *fill*         0x0800fb29        0x3 
 .rodata.__func__.6116
                0x0800fb2c        0xc /tmp/cc20mCIF.ltrans3.ltrans.o
 .rodata.__func__.8730
                0x0800fb38        0xe /tmp/cc20mCIF.ltrans3.ltrans.o
 *fill*         0x0800fb46        0x2 
 .rodata.str1.4
                0x0800fb48       0x13 /tmp/cc20mCIF.ltrans3.ltrans.o
 *fill*         0x0800fb5b        0x1 
 .rodata.__func__.8630
                0x0800fb5c        0x9 /tmp/cc20mCIF.ltrans3.ltrans.o
 *fill*         0x0800fb65        0x3 
 .rodata.ep0config
                0x0800fb68       0x24 /tmp/cc20mCIF.ltrans3.ltrans.o
 .rodata.vmt    0x0800fb8c       0x10 /tmp/cc20mCIF.ltrans3.ltrans.o
 .rodata.__func__.8634
                0x0800fb9c        0xa /tmp/cc20mCIF.ltrans3.ltrans.o
 *fill*         0x0800fba6        0x2 
 .rodata.__func__.8811
                0x0800fba8        0xa /tmp/cc20mCIF.ltrans3.ltrans.o
 *fill*         0x0800fbb2        0x2 
 .rodata.ov2640_vga_regs
                0x0800fbb4        0xe /tmp/cc20mCIF.ltrans4.ltrans.o
 *fill*         0x0800fbc2        0x2 
 .rodata.ov2640_xga_regs
                0x0800fbc4       0x10 /tmp/cc20mCIF.ltrans4.ltrans.o
 .rodata.ov2640_init_regs
                0x0800fbd4      0x158 /tmp/cc20mCIF.ltrans4.ltrans.o
 .rodata.ov2640_qcif_regs
                0x0800fd2c        0xe /tmp/cc20mCIF.ltrans4.ltrans.o
 *fill*         0x0800fd3a        0x2 
 .rodata.ov2640_uxga_regs
                0x0800fd3c       0x12 /tmp/cc20mCIF.ltrans4.ltrans.o
 *fill*         0x0800fd4e        0x2 
 .rodata.str1.4
                0x0800fd50      0x13f /tmp/cc20mCIF.ltrans4.ltrans.o
                                0x177 (size before relaxing)
 *fill*         0x0800fe8f        0x1 
 .rodata.ov2640_qvga_regs
                0x0800fe90        0xe /tmp/cc20mCIF.ltrans4.ltrans.o
 *fill*         0x0800fe9e        0x2 
 .rodata.ov2640_format_change_preamble_regs
                0x0800fea0        0x6 /tmp/cc20mCIF.ltrans4.ltrans.o
 *fill*         0x0800fea6        0x2 
 .rodata.ov2640_jpeg_regs
                0x0800fea8       0x14 /tmp/cc20mCIF.ltrans4.ltrans.o
 .rodata.ov2640_yuyv_regs
                0x0800febc       0x10 /tmp/cc20mCIF.ltrans4.ltrans.o
 .rodata.ov2640_size_change_preamble_regs
                0x0800fecc       0x18 /tmp/cc20mCIF.ltrans4.ltrans.o
 .rodata.default_config
                0x0800fee4        0xc /tmp/cc20mCIF.ltrans5.ltrans.o
 .rodata.__func__.8758
                0x0800fef0       0x15 /tmp/cc20mCIF.ltrans5.ltrans.o
 *fill*         0x0800ff05        0x3 
 .rodata.__func__.5997.lto_priv.160
                0x0800ff08        0xc /tmp/cc20mCIF.ltrans5.ltrans.o
 .rodata.__func__.5997.lto_priv.161
                0x0800ff14        0xc /tmp/cc20mCIF.ltrans5.ltrans.o
 .rodata.__func__.6720
                0x0800ff20       0x14 /tmp/cc20mCIF.ltrans5.ltrans.o
 .rodata.__func__.5997.lto_priv.159
                0x0800ff34        0xc /tmp/cc20mCIF.ltrans5.ltrans.o
 .rodata.__func__.8665
                0x0800ff40        0xf /tmp/cc20mCIF.ltrans5.ltrans.o
 *fill*         0x0800ff4f        0x1 
 .rodata.__func__.8607
                0x0800ff50        0xb /tmp/cc20mCIF.ltrans5.ltrans.o
 *fill*         0x0800ff5b        0x1 
 .rodata.zero_status
                0x0800ff5c        0x2 /tmp/cc20mCIF.ltrans5.ltrans.o
 *fill*         0x0800ff5e        0x2 
 .rodata.active_status
                0x0800ff60        0x2 /tmp/cc20mCIF.ltrans5.ltrans.o
 *fill*         0x0800ff62        0x2 
 .rodata.__func__.6734
                0x0800ff64       0x15 /tmp/cc20mCIF.ltrans5.ltrans.o
 *fill*         0x0800ff79        0x3 
 .rodata.__func__.6740
                0x0800ff7c        0xc /tmp/cc20mCIF.ltrans5.ltrans.o
 .rodata.__func__.8626
                0x0800ff88        0xe /tmp/cc20mCIF.ltrans5.ltrans.o
 *fill*         0x0800ff96        0x2 
 .rodata.__func__.6751
                0x0800ff98        0xd /tmp/cc20mCIF.ltrans5.ltrans.o
 *fill*         0x0800ffa5        0x3 
 .rodata.__func__.5997.lto_priv.158
                0x0800ffa8        0xc /tmp/cc20mCIF.ltrans5.ltrans.o
                0x0800ffa8                __func__.5997.lto_priv.158
 .rodata.halted_status
                0x0800ffb4        0x2 /tmp/cc20mCIF.ltrans5.ltrans.o
 *fill*         0x0800ffb6        0x2 
 .rodata.__func__.8645
                0x0800ffb8        0x8 /tmp/cc20mCIF.ltrans5.ltrans.o
 .rodata.__func__.8701
                0x0800ffc0       0x11 /tmp/cc20mCIF.ltrans6.ltrans.o
 *fill*         0x0800ffd1        0x3 
 .rodata.__func__.8635
                0x0800ffd4        0x9 /tmp/cc20mCIF.ltrans6.ltrans.o
 *fill*         0x0800ffdd        0x3 
 .rodata.__func__.8615
                0x0800ffe0        0x9 /tmp/cc20mCIF.ltrans6.ltrans.o
 *fill*         0x0800ffe9        0x3 
 .rodata.__func__.8660
                0x0800ffec        0xa /tmp/cc20mCIF.ltrans6.ltrans.o
 *fill*         0x0800fff6        0x2 
 .rodata.__func__.8817
                0x0800fff8        0xb /tmp/cc20mCIF.ltrans6.ltrans.o
 *fill*         0x08010003        0x1 
 .rodata.__func__.8620
                0x08010004        0x9 /tmp/cc20mCIF.ltrans6.ltrans.o
 *fill*         0x0801000d        0x3 
 .rodata.__func__.8671
                0x08010010        0x9 /tmp/cc20mCIF.ltrans6.ltrans.o
 *fill*         0x08010019        0x3 
 .rodata.__func__.8670
                0x0801001c        0xa /tmp/cc20mCIF.ltrans6.ltrans.o
 *fill*         0x08010026        0x2 
 .rodata.__func__.8610
                0x08010028        0x9 /tmp/cc20mCIF.ltrans6.ltrans.o
 *fill*         0x08010031        0x3 
 .rodata.__func__.8605.lto_priv.153
                0x08010034        0x9 /tmp/cc20mCIF.ltrans6.ltrans.o
 *fill*         0x0801003d        0x3 
 .rodata.__func__.8605.lto_priv.152
                0x08010040        0x9 /tmp/cc20mCIF.ltrans6.ltrans.o
 *fill*         0x08010049        0x3 
 .rodata.__func__.8680
                0x0801004c        0xa /tmp/cc20mCIF.ltrans6.ltrans.o
 *fill*         0x08010056        0x2 
 .rodata.__func__.8645
                0x08010058        0xa /tmp/cc20mCIF.ltrans6.ltrans.o
 *fill*         0x08010062        0x2 
 .rodata.__func__.8625
                0x08010064        0x9 /tmp/cc20mCIF.ltrans6.ltrans.o
 .rodata.str1.4
                0x0801006d        0xc /tmp/cc20mCIF.ltrans6.ltrans.o
 *fill*         0x0801006d        0x3 
 .rodata.__func__.8831
                0x08010070        0xc /tmp/cc20mCIF.ltrans6.ltrans.o
 .rodata.__func__.8665
                0x0801007c        0xa /tmp/cc20mCIF.ltrans6.ltrans.o
 *fill*         0x08010086        0x2 
 .rodata.__func__.8630
                0x08010088        0x9 /tmp/cc20mCIF.ltrans6.ltrans.o
 *fill*         0x08010091        0x3 
 .rodata.__func__.8666
                0x08010094        0x9 /tmp/cc20mCIF.ltrans6.ltrans.o
 *fill*         0x0801009d        0x3 
 .rodata.__func__.8694
                0x080100a0       0x12 /tmp/cc20mCIF.ltrans6.ltrans.o
 *fill*         0x080100b2        0x2 
 .rodata.__func__.8640
                0x080100b4        0x9 /tmp/cc20mCIF.ltrans6.ltrans.o
 *fill*         0x080100bd        0x3 
 .rodata.__func__.8675
                0x080100c0        0xa /tmp/cc20mCIF.ltrans6.ltrans.o
 *fill*         0x080100ca        0x2 
 .rodata.__func__.8655
                0x080100cc        0xa /tmp/cc20mCIF.ltrans6.ltrans.o
 *fill*         0x080100d6        0x2 
 .rodata.__func__.8650
                0x080100d8        0xa /tmp/cc20mCIF.ltrans6.ltrans.o
 *fill*         0x080100e2        0x2 
 .rodata.__func__.8612
                0x080100e4        0xa /tmp/cc20mCIF.ltrans7.ltrans.o
 *fill*         0x080100ee        0x2 
 .rodata._i2cfg
                0x080100f0        0xc /tmp/cc20mCIF.ltrans7.ltrans.o
                0x080100f0                _i2cfg
 .rodata.__func__.8769
                0x080100fc       0x11 /tmp/cc20mCIF.ltrans7.ltrans.o
 *fill*         0x0801010d        0x3 
 .rodata.__func__.8777
                0x08010110       0x12 /tmp/cc20mCIF.ltrans7.ltrans.o
 *fill*         0x08010122        0x2 
 .rodata.__func__.8616
                0x08010124        0xc /tmp/cc20mCIF.ltrans7.ltrans.o
 .rodata.__func__.8639
                0x08010130       0x11 /tmp/cc20mCIF.ltrans7.ltrans.o
 *fill*         0x08010141        0x3 
 .rodata.__func__.8618
                0x08010144        0xe /tmp/cc20mCIF.ltrans7.ltrans.o
 *fill*         0x08010152        0x2 
 .rodata.vmt    0x08010154       0x20 /tmp/cc20mCIF.ltrans7.ltrans.o
 .rodata.__func__.8604.lto_priv.105
                0x08010174        0x9 /tmp/cc20mCIF.ltrans7.ltrans.o
 *fill*         0x0801017d        0x3 
 .rodata.__func__.8604.lto_priv.106
                0x08010180        0x9 /tmp/cc20mCIF.ltrans7.ltrans.o
 *fill*         0x08010189        0x3 
 .rodata.__func__.8609
                0x0801018c        0x9 /tmp/cc20mCIF.ltrans7.ltrans.o
 *fill*         0x08010195        0x3 
 .rodata.__func__.8680
                0x08010198        0xe /tmp/cc20mCIF.ltrans7.ltrans.o
 *fill*         0x080101a6        0x2 
 .rodata.__func__.5997.lto_priv.102
                0x080101a8        0xc /tmp/cc20mCIF.ltrans7.ltrans.o
                0x080101a8                __func__.5997.lto_priv.102
 .rodata.__func__.6804
                0x080101b4        0xe /tmp/cc20mCIF.ltrans7.ltrans.o
 *fill*         0x080101c2        0x2 
 .rodata.__func__.6231
                0x080101c4       0x14 /tmp/cc20mCIF.ltrans7.ltrans.o
 .rodata.__func__.6725
                0x080101d8       0x13 /tmp/cc20mCIF.ltrans7.ltrans.o
 *fill*         0x080101eb        0x1 
 .rodata.ls_spicfg1.lto_priv.134
                0x080101ec       0x10 /tmp/cc20mCIF.ltrans7.ltrans.o
                0x080101ec                ls_spicfg1.lto_priv.134
 .rodata.__func__.6750
                0x080101fc        0xd /tmp/cc20mCIF.ltrans7.ltrans.o
 *fill*         0x08010209        0x3 
 .rodata.__func__.5997.lto_priv.101
                0x0801020c        0xc /tmp/cc20mCIF.ltrans7.ltrans.o
 .rodata.__func__.8613
                0x08010218       0x12 /tmp/cc20mCIF.ltrans7.ltrans.o
 *fill*         0x0801022a        0x2 
 .rodata.__func__.5997.lto_priv.103
                0x0801022c        0xc /tmp/cc20mCIF.ltrans7.ltrans.o
 .rodata.__func__.5997.lto_priv.104
                0x08010238        0xc /tmp/cc20mCIF.ltrans7.ltrans.o
                0x08010238                __func__.5997.lto_priv.104
 .rodata.__func__.8652
                0x08010244        0xc /tmp/cc20mCIF.ltrans7.ltrans.o
 .rodata.str1.4
                0x08010250        0xf /tmp/cc20mCIF.ltrans7.ltrans.o
 *fill*         0x0801025f        0x1 
 .rodata.str1.4
                0x08010260      0x1d3 /tmp/cc20mCIF.ltrans8.ltrans.o
                                0x237 (size before relaxing)
 *fill*         0x08010433        0x1 
 .rodata.__func__.6816
                0x08010434        0xd /tmp/cc20mCIF.ltrans9.ltrans.o
 *fill*         0x08010441        0x3 
 .rodata.__func__.6772
                0x08010444        0xb /tmp/cc20mCIF.ltrans9.ltrans.o
 *fill*         0x0801044f        0x1 
 .rodata.__func__.6717.lto_priv.164
                0x08010450        0xb /tmp/cc20mCIF.ltrans9.ltrans.o
 *fill*         0x0801045b        0x1 
 .rodata.__func__.8600
                0x0801045c        0xd /tmp/cc20mCIF.ltrans9.ltrans.o
 *fill*         0x08010469        0x3 
 .rodata.__func__.6714
                0x0801046c        0xc /tmp/cc20mCIF.ltrans9.ltrans.o
 .rodata.__func__.6721
                0x08010478       0x11 /tmp/cc20mCIF.ltrans9.ltrans.o
 *fill*         0x08010489        0x3 
 .rodata.__func__.5997
                0x0801048c        0xc /tmp/cc20mCIF.ltrans9.ltrans.o
 .rodata.__func__.6723
                0x08010498       0x16 /tmp/cc20mCIF.ltrans9.ltrans.o
 *fill*         0x080104ae        0x2 
 .rodata.__func__.6717.lto_priv.165
                0x080104b0        0xb /tmp/cc20mCIF.ltrans9.ltrans.o
 *fill*         0x080104bb        0x1 
 .rodata.__func__.6725
                0x080104bc        0xd /tmp/cc20mCIF.ltrans9.ltrans.o
 *fill*         0x080104c9        0x3 
 .rodata.str1.4
                0x080104cc       0x3d /tmp/cc20mCIF.ltrans9.ltrans.o
                                 0x4d (size before relaxing)
 *fill*         0x08010509        0x3 
 .rodata.ram_areas
                0x0801050c       0x80 /tmp/cc20mCIF.ltrans9.ltrans.o
 .rodata.__func__.6219
                0x0801058c        0xc /tmp/cc20mCIF.ltrans9.ltrans.o
 .rodata.fileIDs
                0x08010598       0x4c /tmp/cc20mCIF.ltrans10.ltrans.o
 .rodata.__func__.5997
                0x080105e4        0xc /tmp/cc20mCIF.ltrans10.ltrans.o
 .rodata.__func__.8604
                0x080105f0        0x9 /tmp/cc20mCIF.ltrans10.ltrans.o
 *fill*         0x080105f9        0x3 
 .rodata.__func__.8613
                0x080105fc        0xe /tmp/cc20mCIF.ltrans10.ltrans.o
 *fill*         0x0801060a        0x2 
 .rodata.__func__.8621
                0x0801060c       0x14 /tmp/cc20mCIF.ltrans10.ltrans.o
 .rodata.str1.4
                0x08010620       0x9c /tmp/cc20mCIF.ltrans10.ltrans.o
                                0x148 (size before relaxing)
 .rodata.adcgrpcfg
                0x080106bc       0x28 /tmp/cc20mCIF.ltrans10.ltrans.o
 .rodata.__func__.8608
                0x080106e4        0x8 /tmp/cc20mCIF.ltrans10.ltrans.o
 .rodata.__func__.5997
                0x080106ec        0xc /tmp/cc20mCIF.ltrans11.ltrans.o
 .rodata.__func__.8608
                0x080106f8        0x8 /tmp/cc20mCIF.ltrans11.ltrans.o
 .rodata.str1.4
                0x08010700       0x93 /tmp/cc20mCIF.ltrans11.ltrans.o
                                 0xf7 (size before relaxing)
 *fill*         0x08010793        0x1 
 .rodata.__func__.8623
                0x08010794       0x19 /tmp/cc20mCIF.ltrans11.ltrans.o
 *fill*         0x080107ad        0x3 
 .rodata.__func__.6810
                0x080107b0       0x15 /tmp/cc20mCIF.ltrans11.ltrans.o
 *fill*         0x080107c5        0x3 
 .rodata.japan  0x080107c8       0x78 /tmp/cc20mCIF.ltrans12.ltrans.o
 .rodata.brazil
                0x08010840      0x4f0 /tmp/cc20mCIF.ltrans12.ltrans.o
 .rodata.australia
                0x08010d30       0xe0 /tmp/cc20mCIF.ltrans12.ltrans.o
 .rodata.newzealand
                0x08010e10       0x80 /tmp/cc20mCIF.ltrans12.ltrans.o
 .rodata.china  0x08010e90      0x418 /tmp/cc20mCIF.ltrans12.ltrans.o
 .rodata.argentina
                0x080112a8      0x410 /tmp/cc20mCIF.ltrans12.ltrans.o
 .rodata.MOULATION_STRING
                0x080116b8       0x14 /tmp/cc20mCIF.ltrans12.ltrans.o
                0x080116b8                MOULATION_STRING
 .rodata.str1.4
                0x080116cc       0xdc /tmp/cc20mCIF.ltrans12.ltrans.o
                                0x125 (size before relaxing)
 .rodata.southeastAsia
                0x080117a8      0x120 /tmp/cc20mCIF.ltrans12.ltrans.o
 .rodata.newzealand2
                0x080118c8       0x20 /tmp/cc20mCIF.ltrans12.ltrans.o
 .rodata.america
                0x080118e8       0xd8 /tmp/cc20mCIF.ltrans12.ltrans.o
 .rodata.southkorea
                0x080119c0       0x50 /tmp/cc20mCIF.ltrans12.ltrans.o
 .rodata.__func__.5997
                0x08011a10        0xc /tmp/cc20mCIF.ltrans12.ltrans.o
                0x08011a1c                . = ALIGN (0x4)
                0x08011a1c                __rodata_end__ = .

.ARM.extab
 *(.ARM.extab* .gnu.linkonce.armextab.*)

.ARM.exidx      0x08011a1c        0x8
                0x08011a1c                __exidx_start = .
 *(.ARM.exidx* .gnu.linkonce.armexidx.*)
 .ARM.exidx     0x08011a1c        0x8 /usr/bin/gcc-arm-none-eabi-5_4-2016q2/bin/../lib/gcc/arm-none-eabi/5.4.1/armv7e-m/libgcc.a(_udivmoddi4.o)
                0x08011a24                __exidx_end = .

.rel.dyn        0x08011a24        0x0
 .rel.iplt      0x08011a24        0x0 build/obj/crt0_v7m.o

.eh_frame_hdr
 *(.eh_frame_hdr)

.eh_frame
 *(.eh_frame)
                0x20000000                __ram0_start__ = ORIGIN (ram0)
                0x00030000                __ram0_size__ = LENGTH (ram0)
                0x20030000                __ram0_end__ = (__ram0_start__ + __ram0_size__)
                0x20000000                __ram1_start__ = ORIGIN (ram1)
                0x0001c000                __ram1_size__ = LENGTH (ram1)
                0x2001c000                __ram1_end__ = (__ram1_start__ + __ram1_size__)
                0x2001c000                __ram2_start__ = ORIGIN (ram2)
                0x00004000                __ram2_size__ = LENGTH (ram2)
                0x20020000                __ram2_end__ = (__ram2_start__ + __ram2_size__)
                0x20020000                __ram3_start__ = ORIGIN (ram3)
                0x00010000                __ram3_size__ = LENGTH (ram3)
                0x20030000                __ram3_end__ = (__ram3_start__ + __ram3_size__)
                0x10000000                __ram4_start__ = ORIGIN (ram4)
                0x00010000                __ram4_size__ = LENGTH (ram4)
                0x10010000                __ram4_end__ = (__ram4_start__ + __ram4_size__)
                0x40024000                __ram5_start__ = ORIGIN (ram5)
                0x00001000                __ram5_size__ = LENGTH (ram5)
                0x40025000                __ram5_end__ = (__ram5_start__ + __ram5_size__)
                0x00000000                __ram6_start__ = ORIGIN (ram6)
                0x00000000                __ram6_size__ = LENGTH (ram6)
                0x00000000                __ram6_end__ = (__ram6_start__ + __ram6_size__)
                0x00000000                __ram7_start__ = ORIGIN (ram7)
                0x00000000                __ram7_size__ = LENGTH (ram7)
                0x00000000                __ram7_end__ = (__ram7_start__ + __ram7_size__)

.data           0x20000800        0x4 load address 0x08011a24
                0x20000800                . = ALIGN (0x4)
                [!provide]                PROVIDE (_textdata, LOADADDR (.data))
                [!provide]                PROVIDE (_data, .)
                0x08011a24                _textdata_start = LOADADDR (.data)
                0x20000800                _data_start = .
 *(.data)
 *(.data.*)
 .data.vcc_ref  0x20000800        0x2 /tmp/cc20mCIF.ltrans2.ltrans.o
                0x20000800                vcc_ref
 *(.ramtext)
                0x20000804                . = ALIGN (0x4)
 *fill*         0x20000802        0x2 
                [!provide]                PROVIDE (_edata, .)
                0x20000804                _data_end = .

.igot.plt       0x20000804        0x0 load address 0x08011a28
 .igot.plt      0x20000804        0x0 build/obj/crt0_v7m.o

.bss            0x20000808    0x1af6c load address 0x08011a28
                0x20000808                . = ALIGN (0x4)
                0x20000808                _bss_start = .
 *(.bss)
 *(.bss.*)
 .bss.lfsr      0x20000808        0x4 /tmp/cc20mCIF.ltrans0.ltrans.o
 .bss.logEntryCounter
                0x2000080c        0x4 /tmp/cc20mCIF.ltrans1.ltrans.o
 .bss.trackPoints
                0x20000810       0x60 /tmp/cc20mCIF.ltrans1.ltrans.o
 .bss.nextLogEntryTimer
                0x20000870        0x4 /tmp/cc20mCIF.ltrans1.ltrans.o
 .bss.response.9137
                0x20000874       0x5c /tmp/cc20mCIF.ltrans1.ltrans.o
 .bss.ssdv_buffer
                0x200008d0    0x19000 /tmp/cc20mCIF.ltrans2.ltrans.o
 .bss.dma_isr_redir.lto_priv.151
                0x200198d0       0x80 /tmp/cc20mCIF.ltrans2.ltrans.o
                0x200198d0                dma_isr_redir.lto_priv.151
 .bss.radio_mtx
                0x20019950       0x10 /tmp/cc20mCIF.ltrans2.ltrans.o
                0x20019950                radio_mtx
 .bss.vt.lto_priv.133
                0x20019960       0x14 /tmp/cc20mCIF.ltrans2.ltrans.o
                0x20019960                vt.lto_priv.133
 .bss.dma_streams_mask.lto_priv.150
                0x20019974        0x4 /tmp/cc20mCIF.ltrans2.ltrans.o
                0x20019974                dma_streams_mask.lto_priv.150
 .bss.endmem.lto_priv.163
                0x20019978        0x4 /tmp/cc20mCIF.ltrans2.ltrans.o
                0x20019978                endmem.lto_priv.163
 .bss.RTCD1     0x2001997c        0x4 /tmp/cc20mCIF.ltrans2.ltrans.o
                0x2001997c                RTCD1
 .bss.ch_idle_thread_wa
                0x20019980       0xd8 /tmp/cc20mCIF.ltrans2.ltrans.o
 .bss.config    0x20019a58      0xf78 /tmp/cc20mCIF.ltrans2.ltrans.o
 .bss.counter   0x2001a9d0        0x4 /tmp/cc20mCIF.ltrans2.ltrans.o
 .bss.nextmem.lto_priv.162
                0x2001a9d4        0x4 /tmp/cc20mCIF.ltrans2.ltrans.o
                0x2001a9d4                nextmem.lto_priv.162
 .bss.camera_mtx
                0x2001a9d8       0x10 /tmp/cc20mCIF.ltrans2.ltrans.o
                0x2001a9d8                camera_mtx
 .bss.ADCD1     0x2001a9e8       0x34 /tmp/cc20mCIF.ltrans2.ltrans.o
                0x2001a9e8                ADCD1
 .bss.interference_mtx
                0x2001aa1c       0x10 /tmp/cc20mCIF.ltrans2.ltrans.o
                0x2001aa1c                interference_mtx
 .bss.watchdog_tracking
                0x2001aa2c        0x4 /tmp/cc20mCIF.ltrans2.ltrans.o
                0x2001aa2c                watchdog_tracking
 .bss.pi2c_mtx  0x2001aa30       0x10 /tmp/cc20mCIF.ltrans2.ltrans.o
                0x2001aa30                pi2c_mtx
 .bss.error     0x2001aa40        0x1 /tmp/cc20mCIF.ltrans2.ltrans.o
                0x2001aa40                error
 *fill*         0x2001aa41        0x3 
 .bss.ep0_state
                0x2001aa44       0x10 /tmp/cc20mCIF.ltrans3.ltrans.o
 .bss.ep0setup_buffer
                0x2001aa54        0x8 /tmp/cc20mCIF.ltrans3.ltrans.o
 .bss.ov2640_config
                0x2001aa5c        0x4 /tmp/cc20mCIF.ltrans4.ltrans.o
                0x2001aa5c                ov2640_config
 .bss.pac1720_pbat_counter.lto_priv.145
                0x2001aa60        0x4 /tmp/cc20mCIF.ltrans4.ltrans.o
                0x2001aa60                pac1720_pbat_counter.lto_priv.145
 .bss.pac1720_pbat.lto_priv.146
                0x2001aa64        0x4 /tmp/cc20mCIF.ltrans4.ltrans.o
                0x2001aa64                pac1720_pbat.lto_priv.146
 .bss.pac1720_psol_counter.lto_priv.147
                0x2001aa68        0x4 /tmp/cc20mCIF.ltrans4.ltrans.o
                0x2001aa68                pac1720_psol_counter.lto_priv.147
 .bss.pac1720_psol.lto_priv.148
                0x2001aa6c        0x4 /tmp/cc20mCIF.ltrans4.ltrans.o
                0x2001aa6c                pac1720_psol.lto_priv.148
 .bss.USBD1     0x2001aa70      0x1b8 /tmp/cc20mCIF.ltrans7.ltrans.o
                0x2001aa70                USBD1
 .bss.SD3       0x2001ac28       0x7c /tmp/cc20mCIF.ltrans7.ltrans.o
                0x2001ac28                SD3
 .bss.I2CD1     0x2001aca4       0x38 /tmp/cc20mCIF.ltrans7.ltrans.o
                0x2001aca4                I2CD1
 .bss.ch        0x2001acdc      0x888 /tmp/cc20mCIF.ltrans7.ltrans.o
                0x2001acdc                ch
 .bss.WDGD1     0x2001b564        0xc /tmp/cc20mCIF.ltrans7.ltrans.o
                0x2001b564                WDGD1
 .bss.default_heap.lto_priv.128
                0x2001b570       0x20 /tmp/cc20mCIF.ltrans7.ltrans.o
                0x2001b570                default_heap.lto_priv.128
 .bss.SPID2     0x2001b590       0x30 /tmp/cc20mCIF.ltrans7.ltrans.o
                0x2001b590                SPID2
 .bss.gimage_id
                0x2001b5c0        0x4 /tmp/cc20mCIF.ltrans8.ltrans.o
 .bss.error_id  0x2001b5c4        0x1 /tmp/cc20mCIF.ltrans10.ltrans.o
 *fill*         0x2001b5c5        0x3 
 .bss.error_log
                0x2001b5c8       0xc8 /tmp/cc20mCIF.ltrans10.ltrans.o
 .bss.samples.lto_priv.149
                0x2001b690       0x10 /tmp/cc20mCIF.ltrans10.ltrans.o
                0x2001b690                samples.lto_priv.149
 .bss.outdiv    0x2001b6a0        0x4 /tmp/cc20mCIF.ltrans11.ltrans.o
 .bss.SD5       0x2001b6a4       0x7c /tmp/cc20mCIF.ltrans11.ltrans.o
                0x2001b6a4                SD5
 .bss.trace_mtx
                0x2001b720       0x10 /tmp/cc20mCIF.ltrans11.ltrans.o
                0x2001b720                trace_mtx
 .bss.lastTrackPoint.lto_priv.139
                0x2001b730        0x4 /tmp/cc20mCIF.ltrans12.ltrans.o
                0x2001b730                lastTrackPoint.lto_priv.139
 .bss.packet_pos
                0x2001b734        0x4 /tmp/cc20mCIF.ltrans12.ltrans.o
 .bss.gfsk_bit  0x2001b738        0x4 /tmp/cc20mCIF.ltrans12.ltrans.o
 .bss.current_byte
                0x2001b73c        0x1 /tmp/cc20mCIF.ltrans12.ltrans.o
 *fill*         0x2001b73d        0x3 
 .bss.current_sample_in_baud
                0x2001b740        0x4 /tmp/cc20mCIF.ltrans12.ltrans.o
 .bss.fsk_msg   0x2001b744        0x4 /tmp/cc20mCIF.ltrans12.ltrans.o
 .bss.tim_msg   0x2001b748        0x4 /tmp/cc20mCIF.ltrans12.ltrans.o
 .bss.txi       0x2001b74c        0x4 /tmp/cc20mCIF.ltrans12.ltrans.o
 .bss.txj       0x2001b750        0x4 /tmp/cc20mCIF.ltrans12.ltrans.o
 .bss.initialized
                0x2001b754        0x1 /tmp/cc20mCIF.ltrans12.ltrans.o
                0x2001b754                initialized
 *fill*         0x2001b755        0x3 
 .bss.vt.lto_priv.132
                0x2001b758       0x14 /tmp/cc20mCIF.ltrans12.ltrans.o
 .bss.txs       0x2001b76c        0x1 /tmp/cc20mCIF.ltrans12.ltrans.o
 .bss.txc       0x2001b76d        0x1 /tmp/cc20mCIF.ltrans12.ltrans.o
 *fill*         0x2001b76e        0x2 
 .bss.phase     0x2001b770        0x4 /tmp/cc20mCIF.ltrans12.ltrans.o
 *(COMMON)
                0x2001b774                . = ALIGN (0x4)
                0x2001b774                _bss_end = .
                [!provide]                PROVIDE (end, .)

.ram0_init      0x2001b774        0x0 load address 0x08011a28
                0x2001b774                . = ALIGN (0x4)
                0x08011a28                __ram0_init_text__ = LOADADDR (.ram0_init)
                0x2001b774                __ram0_init__ = .
 *(.ram0_init)
 *(.ram0_init.*)
                0x2001b774                . = ALIGN (0x4)

.ram0           0x2001b774        0x0 load address 0x08011a28
                0x2001b774                . = ALIGN (0x4)
                0x2001b774                __ram0_clear__ = .
 *(.ram0_clear)
 *(.ram0_clear.*)
                0x2001b774                . = ALIGN (0x4)
                0x2001b774                __ram0_noinit__ = .
 *(.ram0)
 *(.ram0.*)
                0x2001b774                . = ALIGN (0x4)
                0x2001b774                __ram0_free__ = .

.ram1_init      0x20000000        0x0 load address 0x08011a28
                0x20000000                . = ALIGN (0x4)
                0x08011a28                __ram1_init_text__ = LOADADDR (.ram1_init)
                0x20000000                __ram1_init__ = .
 *(.ram1_init)
 *(.ram1_init.*)
                0x20000000                . = ALIGN (0x4)

.ram1           0x20000000        0x0 load address 0x08011a28
                0x20000000                . = ALIGN (0x4)
                0x20000000                __ram1_clear__ = .
 *(.ram1_clear)
 *(.ram1_clear.*)
                0x20000000                . = ALIGN (0x4)
                0x20000000                __ram1_noinit__ = .
 *(.ram1)
 *(.ram1.*)
                0x20000000                . = ALIGN (0x4)
                0x20000000                __ram1_free__ = .

.ram2_init      0x2001c000        0x0 load address 0x08011a28
                0x2001c000                . = ALIGN (0x4)
                0x08011a28                __ram2_init_text__ = LOADADDR (.ram2_init)
                0x2001c000                __ram2_init__ = .
 *(.ram2_init)
 *(.ram2_init.*)
                0x2001c000                . = ALIGN (0x4)

.ram2           0x2001c000        0x0 load address 0x08011a28
                0x2001c000                . = ALIGN (0x4)
                0x2001c000                __ram2_clear__ = .
 *(.ram2_clear)
 *(.ram2_clear.*)
                0x2001c000                . = ALIGN (0x4)
                0x2001c000                __ram2_noinit__ = .
 *(.ram2)
 *(.ram2.*)
                0x2001c000                . = ALIGN (0x4)
                0x2001c000                __ram2_free__ = .

.ram3_init      0x20020000        0x0 load address 0x08011a28
                0x20020000                . = ALIGN (0x4)
                0x08011a28                __ram3_init_text__ = LOADADDR (.ram3_init)
                0x20020000                __ram3_init__ = .
 *(.ram3_init)
 *(.ram3_init.*)
                0x20020000                . = ALIGN (0x4)

.ram3           0x20020000        0x0 load address 0x08011a28
                0x20020000                . = ALIGN (0x4)
                0x20020000                __ram3_clear__ = .
 *(.ram3_clear)
 *(.ram3_clear.*)
                0x20020000                . = ALIGN (0x4)
                0x20020000                __ram3_noinit__ = .
 *(.ram3)
 *(.ram3.*)
                0x20020000                . = ALIGN (0x4)
                0x20020000                __ram3_free__ = .

.ram4_init      0x10000000        0x0 load address 0x08011a28
                0x10000000                . = ALIGN (0x4)
                0x08011a28                __ram4_init_text__ = LOADADDR (.ram4_init)
                0x10000000                __ram4_init__ = .
 *(.ram4_init)
 *(.ram4_init.*)
                0x10000000                . = ALIGN (0x4)

.ram4           0x10000000        0x0 load address 0x08011a28
                0x10000000                . = ALIGN (0x4)
                0x10000000                __ram4_clear__ = .
 *(.ram4_clear)
 *(.ram4_clear.*)
                0x10000000                . = ALIGN (0x4)
                0x10000000                __ram4_noinit__ = .
 *(.ram4)
 *(.ram4.*)
                0x10000000                . = ALIGN (0x4)
                0x10000000                __ram4_free__ = .

.ram5_init      0x40024000        0x0 load address 0x08011a28
                0x40024000                . = ALIGN (0x4)
                0x08011a28                __ram5_init_text__ = LOADADDR (.ram5_init)
                0x40024000                __ram5_init__ = .
 *(.ram5_init)
 *(.ram5_init.*)
                0x40024000                . = ALIGN (0x4)

.ram5           0x40024000        0x0 load address 0x08011a28
                0x40024000                . = ALIGN (0x4)
                0x40024000                __ram5_clear__ = .
 *(.ram5_clear)
 *(.ram5_clear.*)
                0x40024000                . = ALIGN (0x4)
                0x40024000                __ram5_noinit__ = .
 *(.ram5)
 *(.ram5.*)
                0x40024000                . = ALIGN (0x4)
                0x40024000                __ram5_free__ = .

.ram6_init      0x00000000        0x0 load address 0x08011a28
                0x00000000                . = ALIGN (0x4)
                0x08011a28                __ram6_init_text__ = LOADADDR (.ram6_init)
                0x00000000                __ram6_init__ = .
 *(.ram6_init)
 *(.ram6_init.*)
                0x00000000                . = ALIGN (0x4)

.ram6           0x00000000        0x0 load address 0x08011a28
                0x00000000                . = ALIGN (0x4)
                0x00000000                __ram6_clear__ = .
 *(.ram6_clear)
 *(.ram6_clear.*)
                0x00000000                . = ALIGN (0x4)
                0x00000000                __ram6_noinit__ = .
 *(.ram6)
 *(.ram6.*)
                0x00000000                . = ALIGN (0x4)
                0x00000000                __ram6_free__ = .

.ram7_init      0x00000000        0x0 load address 0x08011a28
                0x00000000                . = ALIGN (0x4)
                0x08011a28                __ram7_init_text__ = LOADADDR (.ram7_init)
                0x00000000                __ram7_init__ = .
 *(.ram7_init)
 *(.ram7_init.*)
                0x00000000                . = ALIGN (0x4)

.ram7           0x00000000        0x0 load address 0x08011a28
                0x00000000                . = ALIGN (0x4)
                0x00000000                __ram7_clear__ = .
 *(.ram7_clear)
 *(.ram7_clear.*)
                0x00000000                . = ALIGN (0x4)
                0x00000000                __ram7_noinit__ = .
 *(.ram7)
 *(.ram7.*)
                0x00000000                . = ALIGN (0x4)
                0x00000000                __ram7_free__ = .

.heap           0x2001b774    0x1488c
                0x2001b778                . = ALIGN (0x8)
 *fill*         0x2001b774        0x4 
                0x2001b778                __heap_base__ = .
                0x20030000                . = (ORIGIN (HEAP_RAM) + LENGTH (HEAP_RAM))
 *fill*         0x2001b778    0x14888 
                0x20030000                __heap_end__ = .
                0x00000400                __process_stack_size__ = 0x400
                0x00000400                __main_stack_size__ = 0x400
LOAD /usr/bin/gcc-arm-none-eabi-5_4-2016q2/bin/../lib/gcc/arm-none-eabi/5.4.1/../../../../arm-none-eabi/lib/armv7e-m/libm.a
START GROUP
LOAD /usr/bin/gcc-arm-none-eabi-5_4-2016q2/bin/../lib/gcc/arm-none-eabi/5.4.1/armv7e-m/libgcc.a
LOAD /usr/bin/gcc-arm-none-eabi-5_4-2016q2/bin/../lib/gcc/arm-none-eabi/5.4.1/../../../../arm-none-eabi/lib/armv7e-m/libg.a
LOAD /usr/bin/gcc-arm-none-eabi-5_4-2016q2/bin/../lib/gcc/arm-none-eabi/5.4.1/../../../../arm-none-eabi/lib/armv7e-m/libc.a
END GROUP
OUTPUT(build/ch.elf elf32-littlearm)

.ARM.attributes
                0x00000000       0x2f
 .ARM.attributes
                0x00000000       0x21 build/obj/crt0_v7m.o
 .ARM.attributes
                0x00000021       0x21 build/obj/chcoreasm_v7m.o
 .ARM.attributes
                0x00000042       0x31 /tmp/cc20mCIF.ltrans0.ltrans.o
 .ARM.attributes
                0x00000073       0x31 /tmp/cc20mCIF.ltrans1.ltrans.o
 .ARM.attributes
                0x000000a4       0x31 /tmp/cc20mCIF.ltrans2.ltrans.o
 .ARM.attributes
                0x000000d5       0x31 /tmp/cc20mCIF.ltrans3.ltrans.o
 .ARM.attributes
                0x00000106       0x31 /tmp/cc20mCIF.ltrans4.ltrans.o
 .ARM.attributes
                0x00000137       0x31 /tmp/cc20mCIF.ltrans5.ltrans.o
 .ARM.attributes
                0x00000168       0x31 /tmp/cc20mCIF.ltrans6.ltrans.o
 .ARM.attributes
                0x00000199       0x31 /tmp/cc20mCIF.ltrans7.ltrans.o
 .ARM.attributes
                0x000001ca       0x31 /tmp/cc20mCIF.ltrans8.ltrans.o
 .ARM.attributes
                0x000001fb       0x31 /tmp/cc20mCIF.ltrans9.ltrans.o
 .ARM.attributes
                0x0000022c       0x31 /tmp/cc20mCIF.ltrans10.ltrans.o
 .ARM.attributes
                0x0000025d       0x31 /tmp/cc20mCIF.ltrans11.ltrans.o
 .ARM.attributes
                0x0000028e       0x31 /tmp/cc20mCIF.ltrans12.ltrans.o
 .ARM.attributes
                0x000002bf       0x1e /usr/bin/gcc-arm-none-eabi-5_4-2016q2/bin/../lib/gcc/arm-none-eabi/5.4.1/armv7e-m/libgcc.a(_arm_addsubdf3.o)
 .ARM.attributes
                0x000002dd       0x1e /usr/bin/gcc-arm-none-eabi-5_4-2016q2/bin/../lib/gcc/arm-none-eabi/5.4.1/armv7e-m/libgcc.a(_arm_muldivdf3.o)
 .ARM.attributes
                0x000002fb       0x1e /usr/bin/gcc-arm-none-eabi-5_4-2016q2/bin/../lib/gcc/arm-none-eabi/5.4.1/armv7e-m/libgcc.a(_arm_fixunsdfsi.o)
 .ARM.attributes
                0x00000319       0x1e /usr/bin/gcc-arm-none-eabi-5_4-2016q2/bin/../lib/gcc/arm-none-eabi/5.4.1/armv7e-m/libgcc.a(_arm_addsubsf3.o)
 .ARM.attributes
                0x00000337       0x1e /usr/bin/gcc-arm-none-eabi-5_4-2016q2/bin/../lib/gcc/arm-none-eabi/5.4.1/armv7e-m/libgcc.a(_arm_muldivsf3.o)
 .ARM.attributes
                0x00000355       0x1e /usr/bin/gcc-arm-none-eabi-5_4-2016q2/bin/../lib/gcc/arm-none-eabi/5.4.1/armv7e-m/libgcc.a(_arm_fixunssfsi.o)
 .ARM.attributes
                0x00000373       0x1e /usr/bin/gcc-arm-none-eabi-5_4-2016q2/bin/../lib/gcc/arm-none-eabi/5.4.1/armv7e-m/libgcc.a(_aeabi_ldivmod.o)
 .ARM.attributes
                0x00000391       0x1e /usr/bin/gcc-arm-none-eabi-5_4-2016q2/bin/../lib/gcc/arm-none-eabi/5.4.1/armv7e-m/libgcc.a(_aeabi_uldivmod.o)
 .ARM.attributes
                0x000003af       0x2e /usr/bin/gcc-arm-none-eabi-5_4-2016q2/bin/../lib/gcc/arm-none-eabi/5.4.1/armv7e-m/libgcc.a(_udivmoddi4.o)
 .ARM.attributes
                0x000003dd       0x1e /usr/bin/gcc-arm-none-eabi-5_4-2016q2/bin/../lib/gcc/arm-none-eabi/5.4.1/armv7e-m/libgcc.a(_dvmd_tls.o)
 .ARM.attributes
                0x000003fb       0x1c /usr/bin/gcc-arm-none-eabi-5_4-2016q2/bin/../lib/gcc/arm-none-eabi/5.4.1/../../../../arm-none-eabi/lib/armv7e-m/libg.a(lib_a-memcpy.o)
 .ARM.attributes
                0x00000417       0x2e /usr/bin/gcc-arm-none-eabi-5_4-2016q2/bin/../lib/gcc/arm-none-eabi/5.4.1/../../../../arm-none-eabi/lib/armv7e-m/libg.a(lib_a-memmove.o)
 .ARM.attributes
                0x00000445       0x2e /usr/bin/gcc-arm-none-eabi-5_4-2016q2/bin/../lib/gcc/arm-none-eabi/5.4.1/../../../../arm-none-eabi/lib/armv7e-m/libg.a(lib_a-memset.o)
 .ARM.attributes
                0x00000473       0x1c /usr/bin/gcc-arm-none-eabi-5_4-2016q2/bin/../lib/gcc/arm-none-eabi/5.4.1/../../../../arm-none-eabi/lib/armv7e-m/libg.a(lib_a-strcmp.o)
 .ARM.attributes
                0x0000048f       0x1c /usr/bin/gcc-arm-none-eabi-5_4-2016q2/bin/../lib/gcc/arm-none-eabi/5.4.1/../../../../arm-none-eabi/lib/armv7e-m/libg.a(lib_a-strlen.o)

.comment        0x00000000       0x6e
 .comment       0x00000000       0x6e /tmp/cc20mCIF.ltrans0.ltrans.o
                                 0x6f (size before relaxing)
 .comment       0x0000006e       0x6f /tmp/cc20mCIF.ltrans1.ltrans.o
 .comment       0x0000006e       0x6f /tmp/cc20mCIF.ltrans2.ltrans.o
 .comment       0x0000006e       0x6f /tmp/cc20mCIF.ltrans3.ltrans.o
 .comment       0x0000006e       0x6f /tmp/cc20mCIF.ltrans4.ltrans.o
 .comment       0x0000006e       0x6f /tmp/cc20mCIF.ltrans5.ltrans.o
 .comment       0x0000006e       0x6f /tmp/cc20mCIF.ltrans6.ltrans.o
 .comment       0x0000006e       0x6f /tmp/cc20mCIF.ltrans7.ltrans.o
 .comment       0x0000006e       0x6f /tmp/cc20mCIF.ltrans8.ltrans.o
 .comment       0x0000006e       0x6f /tmp/cc20mCIF.ltrans9.ltrans.o
 .comment       0x0000006e       0x6f /tmp/cc20mCIF.ltrans10.ltrans.o
 .comment       0x0000006e       0x6f /tmp/cc20mCIF.ltrans11.ltrans.o
 .comment       0x0000006e       0x6f /tmp/cc20mCIF.ltrans12.ltrans.o

.debug_info     0x00000000    0x2a671
 .debug_info    0x00000000     0x41e6 /tmp/cc20mCIF.ltrans0.ltrans.o
 .debug_info    0x000041e6     0x4489 /tmp/cc20mCIF.ltrans1.ltrans.o
 .debug_info    0x0000866f     0x54be /tmp/cc20mCIF.ltrans2.ltrans.o
 .debug_info    0x0000db2d     0x411f /tmp/cc20mCIF.ltrans3.ltrans.o
 .debug_info    0x00011c4c     0x2c31 /tmp/cc20mCIF.ltrans4.ltrans.o
 .debug_info    0x0001487d     0x3999 /tmp/cc20mCIF.ltrans5.ltrans.o
 .debug_info    0x00018216     0x3116 /tmp/cc20mCIF.ltrans6.ltrans.o
 .debug_info    0x0001b32c     0x3e61 /tmp/cc20mCIF.ltrans7.ltrans.o
 .debug_info    0x0001f18d     0x2468 /tmp/cc20mCIF.ltrans8.ltrans.o
 .debug_info    0x000215f5     0x23a2 /tmp/cc20mCIF.ltrans9.ltrans.o
 .debug_info    0x00023997     0x2770 /tmp/cc20mCIF.ltrans10.ltrans.o
 .debug_info    0x00026107     0x298f /tmp/cc20mCIF.ltrans11.ltrans.o
 .debug_info    0x00028a96     0x1bdb /tmp/cc20mCIF.ltrans12.ltrans.o

.debug_abbrev   0x00000000     0x3eb8
 .debug_abbrev  0x00000000      0x3ac /tmp/cc20mCIF.ltrans0.ltrans.o
 .debug_abbrev  0x000003ac      0x3dd /tmp/cc20mCIF.ltrans1.ltrans.o
 .debug_abbrev  0x00000789      0x512 /tmp/cc20mCIF.ltrans2.ltrans.o
 .debug_abbrev  0x00000c9b      0x619 /tmp/cc20mCIF.ltrans3.ltrans.o
 .debug_abbrev  0x000012b4      0x578 /tmp/cc20mCIF.ltrans4.ltrans.o
 .debug_abbrev  0x0000182c      0x58d /tmp/cc20mCIF.ltrans5.ltrans.o
 .debug_abbrev  0x00001db9      0x4f8 /tmp/cc20mCIF.ltrans6.ltrans.o
 .debug_abbrev  0x000022b1      0x4e4 /tmp/cc20mCIF.ltrans7.ltrans.o
 .debug_abbrev  0x00002795      0x310 /tmp/cc20mCIF.ltrans8.ltrans.o
 .debug_abbrev  0x00002aa5      0x5c7 /tmp/cc20mCIF.ltrans9.ltrans.o
 .debug_abbrev  0x0000306c      0x55e /tmp/cc20mCIF.ltrans10.ltrans.o
 .debug_abbrev  0x000035ca      0x431 /tmp/cc20mCIF.ltrans11.ltrans.o
 .debug_abbrev  0x000039fb      0x4bd /tmp/cc20mCIF.ltrans12.ltrans.o

.debug_loc      0x00000000     0xc0ab
 .debug_loc     0x00000000     0x1dc4 /tmp/cc20mCIF.ltrans0.ltrans.o
 .debug_loc     0x00001dc4     0x1498 /tmp/cc20mCIF.ltrans1.ltrans.o
 .debug_loc     0x0000325c      0x930 /tmp/cc20mCIF.ltrans2.ltrans.o
 .debug_loc     0x00003b8c     0x1749 /tmp/cc20mCIF.ltrans3.ltrans.o
 .debug_loc     0x000052d5      0x963 /tmp/cc20mCIF.ltrans4.ltrans.o
 .debug_loc     0x00005c38     0x126f /tmp/cc20mCIF.ltrans5.ltrans.o
 .debug_loc     0x00006ea7      0xeb6 /tmp/cc20mCIF.ltrans6.ltrans.o
 .debug_loc     0x00007d5d     0x10df /tmp/cc20mCIF.ltrans7.ltrans.o
 .debug_loc     0x00008e3c      0x288 /tmp/cc20mCIF.ltrans8.ltrans.o
 .debug_loc     0x000090c4      0xd59 /tmp/cc20mCIF.ltrans9.ltrans.o
 .debug_loc     0x00009e1d      0xe34 /tmp/cc20mCIF.ltrans10.ltrans.o
 .debug_loc     0x0000ac51      0xcf7 /tmp/cc20mCIF.ltrans11.ltrans.o
 .debug_loc     0x0000b948      0x763 /tmp/cc20mCIF.ltrans12.ltrans.o

.debug_aranges  0x00000000      0x6b0
 .debug_aranges
                0x00000000       0x20 /tmp/cc20mCIF.ltrans0.ltrans.o
 .debug_aranges
                0x00000020       0x20 /tmp/cc20mCIF.ltrans1.ltrans.o
 .debug_aranges
                0x00000040       0x20 /tmp/cc20mCIF.ltrans2.ltrans.o
 .debug_aranges
                0x00000060       0xe8 /tmp/cc20mCIF.ltrans3.ltrans.o
 .debug_aranges
                0x00000148       0x88 /tmp/cc20mCIF.ltrans4.ltrans.o
 .debug_aranges
                0x000001d0       0xb8 /tmp/cc20mCIF.ltrans5.ltrans.o
 .debug_aranges
                0x00000288       0xf0 /tmp/cc20mCIF.ltrans6.ltrans.o
 .debug_aranges
                0x00000378       0xa0 /tmp/cc20mCIF.ltrans7.ltrans.o
 .debug_aranges
                0x00000418       0x20 /tmp/cc20mCIF.ltrans8.ltrans.o
 .debug_aranges
                0x00000438      0x138 /tmp/cc20mCIF.ltrans9.ltrans.o
 .debug_aranges
                0x00000570       0xa0 /tmp/cc20mCIF.ltrans10.ltrans.o
 .debug_aranges
                0x00000610       0x50 /tmp/cc20mCIF.ltrans11.ltrans.o
 .debug_aranges
                0x00000660       0x50 /tmp/cc20mCIF.ltrans12.ltrans.o

.debug_ranges   0x00000000     0x4068
 .debug_ranges  0x00000000      0xa10 /tmp/cc20mCIF.ltrans0.ltrans.o
 .debug_ranges  0x00000a10      0x7e8 /tmp/cc20mCIF.ltrans1.ltrans.o
 .debug_ranges  0x000011f8      0xe90 /tmp/cc20mCIF.ltrans2.ltrans.o
 .debug_ranges  0x00002088      0x3e8 /tmp/cc20mCIF.ltrans3.ltrans.o
 .debug_ranges  0x00002470      0x2c8 /tmp/cc20mCIF.ltrans4.ltrans.o
 .debug_ranges  0x00002738      0x408 /tmp/cc20mCIF.ltrans5.ltrans.o
 .debug_ranges  0x00002b40      0x210 /tmp/cc20mCIF.ltrans6.ltrans.o
 .debug_ranges  0x00002d50      0x3a8 /tmp/cc20mCIF.ltrans7.ltrans.o
 .debug_ranges  0x000030f8      0x200 /tmp/cc20mCIF.ltrans8.ltrans.o
 .debug_ranges  0x000032f8      0x528 /tmp/cc20mCIF.ltrans9.ltrans.o
 .debug_ranges  0x00003820      0x378 /tmp/cc20mCIF.ltrans10.ltrans.o
 .debug_ranges  0x00003b98      0x260 /tmp/cc20mCIF.ltrans11.ltrans.o
 .debug_ranges  0x00003df8      0x270 /tmp/cc20mCIF.ltrans12.ltrans.o

.debug_line     0x00000000     0x881c
 .debug_line    0x00000000      0x99a /tmp/cc20mCIF.ltrans0.ltrans.o
 .debug_line    0x0000099a      0xce9 /tmp/cc20mCIF.ltrans1.ltrans.o
 .debug_line    0x00001683     0x10e9 /tmp/cc20mCIF.ltrans2.ltrans.o
 .debug_line    0x0000276c      0xdb3 /tmp/cc20mCIF.ltrans3.ltrans.o
 .debug_line    0x0000351f      0x814 /tmp/cc20mCIF.ltrans4.ltrans.o
 .debug_line    0x00003d33      0xc16 /tmp/cc20mCIF.ltrans5.ltrans.o
 .debug_line    0x00004949      0xa0b /tmp/cc20mCIF.ltrans6.ltrans.o
 .debug_line    0x00005354      0xcb6 /tmp/cc20mCIF.ltrans7.ltrans.o
 .debug_line    0x0000600a      0x4b4 /tmp/cc20mCIF.ltrans8.ltrans.o
 .debug_line    0x000064be      0xab1 /tmp/cc20mCIF.ltrans9.ltrans.o
 .debug_line    0x00006f6f      0x925 /tmp/cc20mCIF.ltrans10.ltrans.o
 .debug_line    0x00007894      0x878 /tmp/cc20mCIF.ltrans11.ltrans.o
 .debug_line    0x0000810c      0x710 /tmp/cc20mCIF.ltrans12.ltrans.o

.debug_str      0x00000000     0x5310
 .debug_str     0x00000000      0xb9e /tmp/cc20mCIF.ltrans0.ltrans.o
                                0xd06 (size before relaxing)
 .debug_str     0x00000b9e      0x6fe /tmp/cc20mCIF.ltrans1.ltrans.o
                                0xa18 (size before relaxing)
 .debug_str     0x0000129c     0x142d /tmp/cc20mCIF.ltrans2.ltrans.o
                               0x1e31 (size before relaxing)
 .debug_str     0x000026c9      0xa98 /tmp/cc20mCIF.ltrans3.ltrans.o
                               0x17f7 (size before relaxing)
 .debug_str     0x00003161      0x45f /tmp/cc20mCIF.ltrans4.ltrans.o